<html>
<body>
<pre>
<h1>µVision Build Log</h1>
<h2>Tool Versions:</h2>
IDE-Version: µVision V5.38.0.0
Copyright (C) 2022 ARM Ltd and ARM Germany GmbH. All rights reserved.
License Information: menna salah, cairo university, LIC=----
 
Tool Versions:
Toolchain:       MDK-Lite  Version: 5.38.0.0
Toolchain Path:  C:\Keil_v5\ARM\ARMCLANG\Bin
C Compiler:      ArmClang.exe V6.19
Assembler:       Armasm.exe V6.19
Linker/Locator:  ArmLink.exe V6.19
Library Manager: ArmAr.exe V6.19
Hex Converter:   FromElf.exe V6.19
CPU DLL:         SARMCM3.DLL V5.38.0.0
Dialog DLL:      DCM.DLL V1.17.5.0
Target DLL:      STLink\ST-LINKIII-KEIL_SWO.dll V3.1.0.0
Dialog DLL:      TCM.DLL V1.56.4.0
 
<h2>Project:</h2>
C:\Users\menna\OneDrive\Desktop\MICRO PHASE1\Froggers.uvprojx
Project File Date:  12/13/2023

<h2>Output:</h2>
*** Using Compiler 'V6.19', folder: 'C:\Keil_v5\ARM\ARMCLANG\Bin'
Build target 'Target 1'
"FroggersIntegration.s", line 105 (column 9): Warning: A1865W: '#' not seen before constant expression
  105 00000020  MOV R0,40
                       ^
"FroggersIntegration.s", line 106 (column 9): Warning: A1865W: '#' not seen before constant expression
  106 00000024  MOV R1,80
                       ^
"FroggersIntegration.s", line 107 (column 9): Warning: A1865W: '#' not seen before constant expression
  107 00000028  MOV R3,180
                       ^
"FroggersIntegration.s", line 110 (column 9): Warning: A1865W: '#' not seen before constant expression
  110 00000030  MOV R0,20
                       ^
"FroggersIntegration.s", line 111 (column 9): Warning: A1865W: '#' not seen before constant expression
  111 00000034  MOV R1,100
                       ^
"FroggersIntegration.s", line 112 (column 9): Warning: A1865W: '#' not seen before constant expression
  112 00000038  MOV R3,120
                       ^
"FroggersIntegration.s", line 115 (column 9): Warning: A1865W: '#' not seen before constant expression
  115 00000040  MOV R0,230
                       ^
"FroggersIntegration.s", line 116 (column 9): Warning: A1865W: '#' not seen before constant expression
  116 00000044  MOV R1,100
                       ^
"FroggersIntegration.s", line 117 (column 9): Warning: A1865W: '#' not seen before constant expression
  117 00000048  MOV R3,320
                       ^
"FroggersIntegration.s", line 120 (column 9): Warning: A1865W: '#' not seen before constant expression
  120 00000050  MOV R0,270
                       ^
"FroggersIntegration.s", line 121 (column 9): Warning: A1865W: '#' not seen before constant expression
  121 00000054  MOV R1,120
                       ^
"FroggersIntegration.s", line 122 (column 9): Warning: A1865W: '#' not seen before constant expression
  122 00000058  MOV R3,320
                       ^
"FroggersIntegration.s", line 125 (column 9): Warning: A1865W: '#' not seen before constant expression
  125 00000060  MOV R0,140
                       ^
"FroggersIntegration.s", line 126 (column 9): Warning: A1865W: '#' not seen before constant expression
  126 00000064  MOV R1,120
                       ^
"FroggersIntegration.s", line 127 (column 9): Warning: A1865W: '#' not seen before constant expression
  127 00000068  MOV R3,220
                       ^
"FroggersIntegration.s", line 130 (column 9): Warning: A1865W: '#' not seen before constant expression
  130 00000070  MOV R0,220
                       ^
"FroggersIntegration.s", line 131 (column 9): Warning: A1865W: '#' not seen before constant expression
  131 00000074  MOV R1,140
                       ^
"FroggersIntegration.s", line 132 (column 9): Warning: A1865W: '#' not seen before constant expression
  132 00000078  MOV R3,300
                       ^
"FroggersIntegration.s", line 135 (column 9): Warning: A1865W: '#' not seen before constant expression
  135 00000080  MOV R0,0
                       ^
"FroggersIntegration.s", line 136 (column 9): Warning: A1865W: '#' not seen before constant expression
  136 00000084  MOV R1,140
                       ^
"FroggersIntegration.s", line 137 (column 9): Warning: A1865W: '#' not seen before constant expression
  137 00000088  MOV R3,120
                       ^
"FroggersIntegration.s", line 140 (column 9): Warning: A1865W: '#' not seen before constant expression
  140 00000090  MOV R0,60
                       ^
"FroggersIntegration.s", line 141 (column 9): Warning: A1865W: '#' not seen before constant expression
  141 00000094  MOV R1,160
                       ^
"FroggersIntegration.s", line 142 (column 9): Warning: A1865W: '#' not seen before constant expression
  142 00000098  MOV R3,180
                       ^
"FroggersIntegration.s", line 145 (column 9): Warning: A1865W: '#' not seen before constant expression
  145 000000a0  MOV R0,230
                       ^
"FroggersIntegration.s", line 146 (column 9): Warning: A1865W: '#' not seen before constant expression
  146 000000a4  MOV R1,160
                       ^
"FroggersIntegration.s", line 147 (column 9): Warning: A1865W: '#' not seen before constant expression
  147 000000a8  MOV R3,310
                       ^
"FroggersIntegration.s", line 992: Warning: A1581W: Added 2 bytes of padding at address 0x522
  992 00000524    LTORG
0 Errors, 28 Warnings
assembling FroggersIntegration.s...
linking...
Program Size: Code=12132 RO-data=236 RW-data=0 ZI-data=1536  
".\Objects\Froggers.axf" - 0 Error(s), 0 Warning(s).

<h2>Software Packages used:</h2>

Package Vendor: ARM
                http://www.keil.com/pack/ARM.CMSIS.5.9.0.pack
                ARM.CMSIS.5.9.0
                CMSIS (Common Microcontroller Software Interface Standard)
   * Component: CORE Version: 5.6.0

Package Vendor: Keil
                https://www.keil.com/pack/Keil.STM32F1xx_DFP.2.4.1.pack
                Keil.STM32F1xx_DFP.2.4.1
                STMicroelectronics STM32F1 Series Device Support, Drivers and Examples
   * Component: Startup Version: 1.0.0

<h2>Collection of Component include folders:</h2>
  ./RTE/Device/STM32F103C8
  ./RTE/_Target_1
  C:/Users/menna/AppData/Local/Arm/Packs/ARM/CMSIS/5.9.0/CMSIS/Core/Include
  C:/Users/menna/AppData/Local/Arm/Packs/Keil/STM32F1xx_DFP/2.4.1/Device/Include

<h2>Collection of Component Files used:</h2>

   * Component: ARM::CMSIS:CORE:5.6.0

   * Component: Keil::Device:Startup:1.0.0
      Source file:   Device/Source/system_stm32f10x.c
      Source file:   Device/Source/ARM/STM32F1xx_OPT.s
      Source file:   Device/Source/ARM/startup_stm32f10x_md.s
      Include file:  RTE_Driver/Config/RTE_Device.h
Build Time Elapsed:  00:00:01
</pre>
</body>
</html>
