<!doctype html public "-//w3c//dtd html 4.0 transitional//en">
<html><head>
<title>Static Call Graph - [.\Objects\INTEGRATION.axf]</title></head>
<body><HR>
<H1>Static Call Graph for image .\Objects\INTEGRATION.axf</H1><HR>
<BR><P>#&#060CALLGRAPH&#062# ARM Linker, 6190004: Last Updated: Mon Jan  1 08:02:23 2024
<BR><P>
<H3>Maximum Stack Usage =         32 bytes + Unknown(Functions without stacksize, Cycles, Untraceable Function Pointers)</H3><H3>
Call chain for Maximum Stack Depth:</H3>
SystemInit &rArr; SetSysClock &rArr; SetSysClockTo72
<P>
<H3>
Functions with no stack information
</H3><UL>
 <LI><a href="#[bc]">__user_initial_stackheap</a>
</UL>
</UL>
<P>
<H3>
Mutually Recursive functions
</H3> <LI><a href="#[8c]">VERLine1</a>&nbsp;&nbsp;&nbsp;&rArr;&nbsp;&nbsp;&nbsp;<a href="#[3e]">DRAW_RECTANGLE_FILLED</a><BR>
 <LI><a href="#[5a]">DRAW_TIMEOUT</a>&nbsp;&nbsp;&nbsp;&rArr;&nbsp;&nbsp;&nbsp;<a href="#[3e]">DRAW_RECTANGLE_FILLED</a><BR>
 <LI><a href="#[59]">Draw_Arrow</a>&nbsp;&nbsp;&nbsp;&rArr;&nbsp;&nbsp;&nbsp;<a href="#[3e]">DRAW_RECTANGLE_FILLED</a><BR>
 <LI><a href="#[58]">MOVE_PRISONER_UP</a>&nbsp;&nbsp;&nbsp;&rArr;&nbsp;&nbsp;&nbsp;<a href="#[54]">DRAW_PRISONER</a><BR>
 <LI><a href="#[57]">MOVE_PRISONER_DOWN</a>&nbsp;&nbsp;&nbsp;&rArr;&nbsp;&nbsp;&nbsp;<a href="#[54]">DRAW_PRISONER</a><BR>
 <LI><a href="#[56]">MOVE_PRISONER_RIGHT</a>&nbsp;&nbsp;&nbsp;&rArr;&nbsp;&nbsp;&nbsp;<a href="#[54]">DRAW_PRISONER</a><BR>
 <LI><a href="#[55]">MOVE_PRISONER_LEFT</a>&nbsp;&nbsp;&nbsp;&rArr;&nbsp;&nbsp;&nbsp;<a href="#[54]">DRAW_PRISONER</a><BR>
 <LI><a href="#[54]">DRAW_PRISONER</a>&nbsp;&nbsp;&nbsp;&rArr;&nbsp;&nbsp;&nbsp;<a href="#[3e]">DRAW_RECTANGLE_FILLED</a><BR>
 <LI><a href="#[53]">DRAW_TIMESLOT</a>&nbsp;&nbsp;&nbsp;&rArr;&nbsp;&nbsp;&nbsp;<a href="#[3e]">DRAW_RECTANGLE_FILLED</a><BR>
 <LI><a href="#[52]">DRAW_WALLS</a>&nbsp;&nbsp;&nbsp;&rArr;&nbsp;&nbsp;&nbsp;<a href="#[3e]">DRAW_RECTANGLE_FILLED</a><BR>
 <LI><a href="#[51]">DRAW_WIN_ANIMATION</a>&nbsp;&nbsp;&nbsp;&rArr;&nbsp;&nbsp;&nbsp;<a href="#[3e]">DRAW_RECTANGLE_FILLED</a><BR>
 <LI><a href="#[50]">DRAW_HIDDEN_PRISONER</a>&nbsp;&nbsp;&nbsp;&rArr;&nbsp;&nbsp;&nbsp;<a href="#[3e]">DRAW_RECTANGLE_FILLED</a><BR>
 <LI><a href="#[4f]">VERLine</a>&nbsp;&nbsp;&nbsp;&rArr;&nbsp;&nbsp;&nbsp;<a href="#[3e]">DRAW_RECTANGLE_FILLED</a><BR>
 <LI><a href="#[4e]">DRAW_CIRCLE</a>&nbsp;&nbsp;&nbsp;&rArr;&nbsp;&nbsp;&nbsp;<a href="#[3e]">DRAW_RECTANGLE_FILLED</a><BR>
 <LI><a href="#[8a]">DRAW_LOSE</a>&nbsp;&nbsp;&nbsp;&rArr;&nbsp;&nbsp;&nbsp;<a href="#[3e]">DRAW_RECTANGLE_FILLED</a><BR>
 <LI><a href="#[48]">MOVE_GHOST1_RIGHT</a>&nbsp;&nbsp;&nbsp;&rArr;&nbsp;&nbsp;&nbsp;<a href="#[47]">DRAW_GHOST</a><BR>
 <LI><a href="#[47]">DRAW_GHOST</a>&nbsp;&nbsp;&nbsp;&rArr;&nbsp;&nbsp;&nbsp;<a href="#[3e]">DRAW_RECTANGLE_FILLED</a><BR>
 <LI><a href="#[46]">DRAW_LEVEL2</a>&nbsp;&nbsp;&nbsp;&rArr;&nbsp;&nbsp;&nbsp;<a href="#[3e]">DRAW_RECTANGLE_FILLED</a><BR>
 <LI><a href="#[45]">DRAW_LEVEL1</a>&nbsp;&nbsp;&nbsp;&rArr;&nbsp;&nbsp;&nbsp;<a href="#[3e]">DRAW_RECTANGLE_FILLED</a><BR>
 <LI><a href="#[44]">DRAW_winner</a>&nbsp;&nbsp;&nbsp;&rArr;&nbsp;&nbsp;&nbsp;<a href="#[3e]">DRAW_RECTANGLE_FILLED</a><BR>
 <LI><a href="#[43]">DRAW_Hidden_Key</a>&nbsp;&nbsp;&nbsp;&rArr;&nbsp;&nbsp;&nbsp;<a href="#[3e]">DRAW_RECTANGLE_FILLED</a><BR>
 <LI><a href="#[3d]">DRAWPIXEL</a>&nbsp;&nbsp;&nbsp;&rArr;&nbsp;&nbsp;&nbsp;<a href="#[3c]">ADDRESS_SET</a><BR>
 <LI><a href="#[3a]">LCD_DATA_WRITE</a>&nbsp;&nbsp;&nbsp;&rArr;&nbsp;&nbsp;&nbsp;<a href="#[3b]">LCD_INIT</a><BR>
 <LI><a href="#[39]">LCD_COMMAND_WRITE</a>&nbsp;&nbsp;&nbsp;&rArr;&nbsp;&nbsp;&nbsp;<a href="#[3a]">LCD_DATA_WRITE</a><BR>
 <LI><a href="#[91]">MAIN_MENU</a>&nbsp;&nbsp;&nbsp;&rArr;&nbsp;&nbsp;&nbsp;<a href="#[91]">MAIN_MENU</a><BR>
 <LI><a href="#[64]">DRAW_RIGHT_TWO</a>&nbsp;&nbsp;&nbsp;&rArr;&nbsp;&nbsp;&nbsp;<a href="#[65]">DRAW_LEFT_THREE</a><BR>
 <LI><a href="#[1]">NMI_Handler</a>&nbsp;&nbsp;&nbsp;&rArr;&nbsp;&nbsp;&nbsp;<a href="#[1]">NMI_Handler</a><BR>
 <LI><a href="#[2]">HardFault_Handler</a>&nbsp;&nbsp;&nbsp;&rArr;&nbsp;&nbsp;&nbsp;<a href="#[2]">HardFault_Handler</a><BR>
 <LI><a href="#[3]">MemManage_Handler</a>&nbsp;&nbsp;&nbsp;&rArr;&nbsp;&nbsp;&nbsp;<a href="#[3]">MemManage_Handler</a><BR>
 <LI><a href="#[4]">BusFault_Handler</a>&nbsp;&nbsp;&nbsp;&rArr;&nbsp;&nbsp;&nbsp;<a href="#[4]">BusFault_Handler</a><BR>
 <LI><a href="#[5]">UsageFault_Handler</a>&nbsp;&nbsp;&nbsp;&rArr;&nbsp;&nbsp;&nbsp;<a href="#[5]">UsageFault_Handler</a><BR>
 <LI><a href="#[6]">SVC_Handler</a>&nbsp;&nbsp;&nbsp;&rArr;&nbsp;&nbsp;&nbsp;<a href="#[6]">SVC_Handler</a><BR>
 <LI><a href="#[7]">DebugMon_Handler</a>&nbsp;&nbsp;&nbsp;&rArr;&nbsp;&nbsp;&nbsp;<a href="#[7]">DebugMon_Handler</a><BR>
 <LI><a href="#[8]">PendSV_Handler</a>&nbsp;&nbsp;&nbsp;&rArr;&nbsp;&nbsp;&nbsp;<a href="#[8]">PendSV_Handler</a><BR>
 <LI><a href="#[9]">SysTick_Handler</a>&nbsp;&nbsp;&nbsp;&rArr;&nbsp;&nbsp;&nbsp;<a href="#[9]">SysTick_Handler</a><BR>
 <LI><a href="#[1c]">ADC1_2_IRQHandler</a>&nbsp;&nbsp;&nbsp;&rArr;&nbsp;&nbsp;&nbsp;<a href="#[1c]">ADC1_2_IRQHandler</a><BR>
</UL>
<P>
<H3>
Function Pointers
</H3><UL>
 <LI><a href="#[1c]">ADC1_2_IRQHandler</a> from startup_stm32f10x_md.o(.text) referenced from startup_stm32f10x_md.o(RESET)
 <LI><a href="#[4]">BusFault_Handler</a> from startup_stm32f10x_md.o(.text) referenced from startup_stm32f10x_md.o(RESET)
 <LI><a href="#[1f]">CAN1_RX1_IRQHandler</a> from startup_stm32f10x_md.o(.text) referenced from startup_stm32f10x_md.o(RESET)
 <LI><a href="#[20]">CAN1_SCE_IRQHandler</a> from startup_stm32f10x_md.o(.text) referenced from startup_stm32f10x_md.o(RESET)
 <LI><a href="#[15]">DMA1_Channel1_IRQHandler</a> from startup_stm32f10x_md.o(.text) referenced from startup_stm32f10x_md.o(RESET)
 <LI><a href="#[16]">DMA1_Channel2_IRQHandler</a> from startup_stm32f10x_md.o(.text) referenced from startup_stm32f10x_md.o(RESET)
 <LI><a href="#[17]">DMA1_Channel3_IRQHandler</a> from startup_stm32f10x_md.o(.text) referenced from startup_stm32f10x_md.o(RESET)
 <LI><a href="#[18]">DMA1_Channel4_IRQHandler</a> from startup_stm32f10x_md.o(.text) referenced from startup_stm32f10x_md.o(RESET)
 <LI><a href="#[19]">DMA1_Channel5_IRQHandler</a> from startup_stm32f10x_md.o(.text) referenced from startup_stm32f10x_md.o(RESET)
 <LI><a href="#[1a]">DMA1_Channel6_IRQHandler</a> from startup_stm32f10x_md.o(.text) referenced from startup_stm32f10x_md.o(RESET)
 <LI><a href="#[1b]">DMA1_Channel7_IRQHandler</a> from startup_stm32f10x_md.o(.text) referenced from startup_stm32f10x_md.o(RESET)
 <LI><a href="#[7]">DebugMon_Handler</a> from startup_stm32f10x_md.o(.text) referenced from startup_stm32f10x_md.o(RESET)
 <LI><a href="#[10]">EXTI0_IRQHandler</a> from startup_stm32f10x_md.o(.text) referenced from startup_stm32f10x_md.o(RESET)
 <LI><a href="#[32]">EXTI15_10_IRQHandler</a> from startup_stm32f10x_md.o(.text) referenced from startup_stm32f10x_md.o(RESET)
 <LI><a href="#[11]">EXTI1_IRQHandler</a> from startup_stm32f10x_md.o(.text) referenced from startup_stm32f10x_md.o(RESET)
 <LI><a href="#[12]">EXTI2_IRQHandler</a> from startup_stm32f10x_md.o(.text) referenced from startup_stm32f10x_md.o(RESET)
 <LI><a href="#[13]">EXTI3_IRQHandler</a> from startup_stm32f10x_md.o(.text) referenced from startup_stm32f10x_md.o(RESET)
 <LI><a href="#[14]">EXTI4_IRQHandler</a> from startup_stm32f10x_md.o(.text) referenced from startup_stm32f10x_md.o(RESET)
 <LI><a href="#[21]">EXTI9_5_IRQHandler</a> from startup_stm32f10x_md.o(.text) referenced from startup_stm32f10x_md.o(RESET)
 <LI><a href="#[e]">FLASH_IRQHandler</a> from startup_stm32f10x_md.o(.text) referenced from startup_stm32f10x_md.o(RESET)
 <LI><a href="#[2]">HardFault_Handler</a> from startup_stm32f10x_md.o(.text) referenced from startup_stm32f10x_md.o(RESET)
 <LI><a href="#[2a]">I2C1_ER_IRQHandler</a> from startup_stm32f10x_md.o(.text) referenced from startup_stm32f10x_md.o(RESET)
 <LI><a href="#[29]">I2C1_EV_IRQHandler</a> from startup_stm32f10x_md.o(.text) referenced from startup_stm32f10x_md.o(RESET)
 <LI><a href="#[2c]">I2C2_ER_IRQHandler</a> from startup_stm32f10x_md.o(.text) referenced from startup_stm32f10x_md.o(RESET)
 <LI><a href="#[2b]">I2C2_EV_IRQHandler</a> from startup_stm32f10x_md.o(.text) referenced from startup_stm32f10x_md.o(RESET)
 <LI><a href="#[3]">MemManage_Handler</a> from startup_stm32f10x_md.o(.text) referenced from startup_stm32f10x_md.o(RESET)
 <LI><a href="#[1]">NMI_Handler</a> from startup_stm32f10x_md.o(.text) referenced from startup_stm32f10x_md.o(RESET)
 <LI><a href="#[b]">PVD_IRQHandler</a> from startup_stm32f10x_md.o(.text) referenced from startup_stm32f10x_md.o(RESET)
 <LI><a href="#[8]">PendSV_Handler</a> from startup_stm32f10x_md.o(.text) referenced from startup_stm32f10x_md.o(RESET)
 <LI><a href="#[f]">RCC_IRQHandler</a> from startup_stm32f10x_md.o(.text) referenced from startup_stm32f10x_md.o(RESET)
 <LI><a href="#[33]">RTCAlarm_IRQHandler</a> from startup_stm32f10x_md.o(.text) referenced from startup_stm32f10x_md.o(RESET)
 <LI><a href="#[d]">RTC_IRQHandler</a> from startup_stm32f10x_md.o(.text) referenced from startup_stm32f10x_md.o(RESET)
 <LI><a href="#[0]">Reset_Handler</a> from startup_stm32f10x_md.o(.text) referenced from startup_stm32f10x_md.o(RESET)
 <LI><a href="#[2d]">SPI1_IRQHandler</a> from startup_stm32f10x_md.o(.text) referenced from startup_stm32f10x_md.o(RESET)
 <LI><a href="#[2e]">SPI2_IRQHandler</a> from startup_stm32f10x_md.o(.text) referenced from startup_stm32f10x_md.o(RESET)
 <LI><a href="#[6]">SVC_Handler</a> from startup_stm32f10x_md.o(.text) referenced from startup_stm32f10x_md.o(RESET)
 <LI><a href="#[9]">SysTick_Handler</a> from startup_stm32f10x_md.o(.text) referenced from startup_stm32f10x_md.o(RESET)
 <LI><a href="#[35]">SystemInit</a> from system_stm32f10x.o(.text.SystemInit) referenced from startup_stm32f10x_md.o(.text)
 <LI><a href="#[c]">TAMPER_IRQHandler</a> from startup_stm32f10x_md.o(.text) referenced from startup_stm32f10x_md.o(RESET)
 <LI><a href="#[22]">TIM1_BRK_IRQHandler</a> from startup_stm32f10x_md.o(.text) referenced from startup_stm32f10x_md.o(RESET)
 <LI><a href="#[25]">TIM1_CC_IRQHandler</a> from startup_stm32f10x_md.o(.text) referenced from startup_stm32f10x_md.o(RESET)
 <LI><a href="#[24]">TIM1_TRG_COM_IRQHandler</a> from startup_stm32f10x_md.o(.text) referenced from startup_stm32f10x_md.o(RESET)
 <LI><a href="#[23]">TIM1_UP_IRQHandler</a> from startup_stm32f10x_md.o(.text) referenced from startup_stm32f10x_md.o(RESET)
 <LI><a href="#[26]">TIM2_IRQHandler</a> from startup_stm32f10x_md.o(.text) referenced from startup_stm32f10x_md.o(RESET)
 <LI><a href="#[27]">TIM3_IRQHandler</a> from startup_stm32f10x_md.o(.text) referenced from startup_stm32f10x_md.o(RESET)
 <LI><a href="#[28]">TIM4_IRQHandler</a> from startup_stm32f10x_md.o(.text) referenced from startup_stm32f10x_md.o(RESET)
 <LI><a href="#[2f]">USART1_IRQHandler</a> from startup_stm32f10x_md.o(.text) referenced from startup_stm32f10x_md.o(RESET)
 <LI><a href="#[30]">USART2_IRQHandler</a> from startup_stm32f10x_md.o(.text) referenced from startup_stm32f10x_md.o(RESET)
 <LI><a href="#[31]">USART3_IRQHandler</a> from startup_stm32f10x_md.o(.text) referenced from startup_stm32f10x_md.o(RESET)
 <LI><a href="#[34]">USBWakeUp_IRQHandler</a> from startup_stm32f10x_md.o(.text) referenced from startup_stm32f10x_md.o(RESET)
 <LI><a href="#[1d]">USB_HP_CAN1_TX_IRQHandler</a> from startup_stm32f10x_md.o(.text) referenced from startup_stm32f10x_md.o(RESET)
 <LI><a href="#[1e]">USB_LP_CAN1_RX0_IRQHandler</a> from startup_stm32f10x_md.o(.text) referenced from startup_stm32f10x_md.o(RESET)
 <LI><a href="#[5]">UsageFault_Handler</a> from startup_stm32f10x_md.o(.text) referenced from startup_stm32f10x_md.o(RESET)
 <LI><a href="#[a]">WWDG_IRQHandler</a> from startup_stm32f10x_md.o(.text) referenced from startup_stm32f10x_md.o(RESET)
 <LI><a href="#[36]">__main</a> from pacmanintegration.o(MYCODE) referenced from startup_stm32f10x_md.o(.text)
</UL>
<P>
<H3>
Global Symbols
</H3>
<P><STRONG><a name="[0]"></a>Reset_Handler</STRONG> (Thumb, 8 bytes, Stack size 0 bytes, startup_stm32f10x_md.o(.text))
<BR>[Address Reference Count : 1]<UL><LI> startup_stm32f10x_md.o(RESET)
</UL>
<P><STRONG><a name="[1]"></a>NMI_Handler</STRONG> (Thumb, 2 bytes, Stack size 0 bytes, startup_stm32f10x_md.o(.text))
<BR><BR>[Calls]<UL><LI><a href="#[1]">&gt;&gt;</a>&nbsp;&nbsp;&nbsp;NMI_Handler
</UL>
<BR>[Called By]<UL><LI><a href="#[1]">&gt;&gt;</a>&nbsp;&nbsp;&nbsp;NMI_Handler
</UL>
<BR>[Address Reference Count : 1]<UL><LI> startup_stm32f10x_md.o(RESET)
</UL>
<P><STRONG><a name="[2]"></a>HardFault_Handler</STRONG> (Thumb, 2 bytes, Stack size 0 bytes, startup_stm32f10x_md.o(.text))
<BR><BR>[Calls]<UL><LI><a href="#[2]">&gt;&gt;</a>&nbsp;&nbsp;&nbsp;HardFault_Handler
</UL>
<BR>[Called By]<UL><LI><a href="#[2]">&gt;&gt;</a>&nbsp;&nbsp;&nbsp;HardFault_Handler
</UL>
<BR>[Address Reference Count : 1]<UL><LI> startup_stm32f10x_md.o(RESET)
</UL>
<P><STRONG><a name="[3]"></a>MemManage_Handler</STRONG> (Thumb, 2 bytes, Stack size 0 bytes, startup_stm32f10x_md.o(.text))
<BR><BR>[Calls]<UL><LI><a href="#[3]">&gt;&gt;</a>&nbsp;&nbsp;&nbsp;MemManage_Handler
</UL>
<BR>[Called By]<UL><LI><a href="#[3]">&gt;&gt;</a>&nbsp;&nbsp;&nbsp;MemManage_Handler
</UL>
<BR>[Address Reference Count : 1]<UL><LI> startup_stm32f10x_md.o(RESET)
</UL>
<P><STRONG><a name="[4]"></a>BusFault_Handler</STRONG> (Thumb, 2 bytes, Stack size 0 bytes, startup_stm32f10x_md.o(.text))
<BR><BR>[Calls]<UL><LI><a href="#[4]">&gt;&gt;</a>&nbsp;&nbsp;&nbsp;BusFault_Handler
</UL>
<BR>[Called By]<UL><LI><a href="#[4]">&gt;&gt;</a>&nbsp;&nbsp;&nbsp;BusFault_Handler
</UL>
<BR>[Address Reference Count : 1]<UL><LI> startup_stm32f10x_md.o(RESET)
</UL>
<P><STRONG><a name="[5]"></a>UsageFault_Handler</STRONG> (Thumb, 2 bytes, Stack size 0 bytes, startup_stm32f10x_md.o(.text))
<BR><BR>[Calls]<UL><LI><a href="#[5]">&gt;&gt;</a>&nbsp;&nbsp;&nbsp;UsageFault_Handler
</UL>
<BR>[Called By]<UL><LI><a href="#[5]">&gt;&gt;</a>&nbsp;&nbsp;&nbsp;UsageFault_Handler
</UL>
<BR>[Address Reference Count : 1]<UL><LI> startup_stm32f10x_md.o(RESET)
</UL>
<P><STRONG><a name="[6]"></a>SVC_Handler</STRONG> (Thumb, 2 bytes, Stack size 0 bytes, startup_stm32f10x_md.o(.text))
<BR><BR>[Calls]<UL><LI><a href="#[6]">&gt;&gt;</a>&nbsp;&nbsp;&nbsp;SVC_Handler
</UL>
<BR>[Called By]<UL><LI><a href="#[6]">&gt;&gt;</a>&nbsp;&nbsp;&nbsp;SVC_Handler
</UL>
<BR>[Address Reference Count : 1]<UL><LI> startup_stm32f10x_md.o(RESET)
</UL>
<P><STRONG><a name="[7]"></a>DebugMon_Handler</STRONG> (Thumb, 2 bytes, Stack size 0 bytes, startup_stm32f10x_md.o(.text))
<BR><BR>[Calls]<UL><LI><a href="#[7]">&gt;&gt;</a>&nbsp;&nbsp;&nbsp;DebugMon_Handler
</UL>
<BR>[Called By]<UL><LI><a href="#[7]">&gt;&gt;</a>&nbsp;&nbsp;&nbsp;DebugMon_Handler
</UL>
<BR>[Address Reference Count : 1]<UL><LI> startup_stm32f10x_md.o(RESET)
</UL>
<P><STRONG><a name="[8]"></a>PendSV_Handler</STRONG> (Thumb, 2 bytes, Stack size 0 bytes, startup_stm32f10x_md.o(.text))
<BR><BR>[Calls]<UL><LI><a href="#[8]">&gt;&gt;</a>&nbsp;&nbsp;&nbsp;PendSV_Handler
</UL>
<BR>[Called By]<UL><LI><a href="#[8]">&gt;&gt;</a>&nbsp;&nbsp;&nbsp;PendSV_Handler
</UL>
<BR>[Address Reference Count : 1]<UL><LI> startup_stm32f10x_md.o(RESET)
</UL>
<P><STRONG><a name="[9]"></a>SysTick_Handler</STRONG> (Thumb, 2 bytes, Stack size 0 bytes, startup_stm32f10x_md.o(.text))
<BR><BR>[Calls]<UL><LI><a href="#[9]">&gt;&gt;</a>&nbsp;&nbsp;&nbsp;SysTick_Handler
</UL>
<BR>[Called By]<UL><LI><a href="#[9]">&gt;&gt;</a>&nbsp;&nbsp;&nbsp;SysTick_Handler
</UL>
<BR>[Address Reference Count : 1]<UL><LI> startup_stm32f10x_md.o(RESET)
</UL>
<P><STRONG><a name="[1c]"></a>ADC1_2_IRQHandler</STRONG> (Thumb, 0 bytes, Stack size 0 bytes, startup_stm32f10x_md.o(.text))
<BR><BR>[Calls]<UL><LI><a href="#[1c]">&gt;&gt;</a>&nbsp;&nbsp;&nbsp;ADC1_2_IRQHandler
</UL>
<BR>[Called By]<UL><LI><a href="#[1c]">&gt;&gt;</a>&nbsp;&nbsp;&nbsp;ADC1_2_IRQHandler
</UL>
<BR>[Address Reference Count : 1]<UL><LI> startup_stm32f10x_md.o(RESET)
</UL>
<P><STRONG><a name="[1f]"></a>CAN1_RX1_IRQHandler</STRONG> (Thumb, 0 bytes, Stack size 0 bytes, startup_stm32f10x_md.o(.text))
<BR>[Address Reference Count : 1]<UL><LI> startup_stm32f10x_md.o(RESET)
</UL>
<P><STRONG><a name="[20]"></a>CAN1_SCE_IRQHandler</STRONG> (Thumb, 0 bytes, Stack size 0 bytes, startup_stm32f10x_md.o(.text))
<BR>[Address Reference Count : 1]<UL><LI> startup_stm32f10x_md.o(RESET)
</UL>
<P><STRONG><a name="[15]"></a>DMA1_Channel1_IRQHandler</STRONG> (Thumb, 0 bytes, Stack size 0 bytes, startup_stm32f10x_md.o(.text))
<BR>[Address Reference Count : 1]<UL><LI> startup_stm32f10x_md.o(RESET)
</UL>
<P><STRONG><a name="[16]"></a>DMA1_Channel2_IRQHandler</STRONG> (Thumb, 0 bytes, Stack size 0 bytes, startup_stm32f10x_md.o(.text))
<BR>[Address Reference Count : 1]<UL><LI> startup_stm32f10x_md.o(RESET)
</UL>
<P><STRONG><a name="[17]"></a>DMA1_Channel3_IRQHandler</STRONG> (Thumb, 0 bytes, Stack size 0 bytes, startup_stm32f10x_md.o(.text))
<BR>[Address Reference Count : 1]<UL><LI> startup_stm32f10x_md.o(RESET)
</UL>
<P><STRONG><a name="[18]"></a>DMA1_Channel4_IRQHandler</STRONG> (Thumb, 0 bytes, Stack size 0 bytes, startup_stm32f10x_md.o(.text))
<BR>[Address Reference Count : 1]<UL><LI> startup_stm32f10x_md.o(RESET)
</UL>
<P><STRONG><a name="[19]"></a>DMA1_Channel5_IRQHandler</STRONG> (Thumb, 0 bytes, Stack size 0 bytes, startup_stm32f10x_md.o(.text))
<BR>[Address Reference Count : 1]<UL><LI> startup_stm32f10x_md.o(RESET)
</UL>
<P><STRONG><a name="[1a]"></a>DMA1_Channel6_IRQHandler</STRONG> (Thumb, 0 bytes, Stack size 0 bytes, startup_stm32f10x_md.o(.text))
<BR>[Address Reference Count : 1]<UL><LI> startup_stm32f10x_md.o(RESET)
</UL>
<P><STRONG><a name="[1b]"></a>DMA1_Channel7_IRQHandler</STRONG> (Thumb, 0 bytes, Stack size 0 bytes, startup_stm32f10x_md.o(.text))
<BR>[Address Reference Count : 1]<UL><LI> startup_stm32f10x_md.o(RESET)
</UL>
<P><STRONG><a name="[10]"></a>EXTI0_IRQHandler</STRONG> (Thumb, 0 bytes, Stack size 0 bytes, startup_stm32f10x_md.o(.text))
<BR>[Address Reference Count : 1]<UL><LI> startup_stm32f10x_md.o(RESET)
</UL>
<P><STRONG><a name="[32]"></a>EXTI15_10_IRQHandler</STRONG> (Thumb, 0 bytes, Stack size 0 bytes, startup_stm32f10x_md.o(.text))
<BR>[Address Reference Count : 1]<UL><LI> startup_stm32f10x_md.o(RESET)
</UL>
<P><STRONG><a name="[11]"></a>EXTI1_IRQHandler</STRONG> (Thumb, 0 bytes, Stack size 0 bytes, startup_stm32f10x_md.o(.text))
<BR>[Address Reference Count : 1]<UL><LI> startup_stm32f10x_md.o(RESET)
</UL>
<P><STRONG><a name="[12]"></a>EXTI2_IRQHandler</STRONG> (Thumb, 0 bytes, Stack size 0 bytes, startup_stm32f10x_md.o(.text))
<BR>[Address Reference Count : 1]<UL><LI> startup_stm32f10x_md.o(RESET)
</UL>
<P><STRONG><a name="[13]"></a>EXTI3_IRQHandler</STRONG> (Thumb, 0 bytes, Stack size 0 bytes, startup_stm32f10x_md.o(.text))
<BR>[Address Reference Count : 1]<UL><LI> startup_stm32f10x_md.o(RESET)
</UL>
<P><STRONG><a name="[14]"></a>EXTI4_IRQHandler</STRONG> (Thumb, 0 bytes, Stack size 0 bytes, startup_stm32f10x_md.o(.text))
<BR>[Address Reference Count : 1]<UL><LI> startup_stm32f10x_md.o(RESET)
</UL>
<P><STRONG><a name="[21]"></a>EXTI9_5_IRQHandler</STRONG> (Thumb, 0 bytes, Stack size 0 bytes, startup_stm32f10x_md.o(.text))
<BR>[Address Reference Count : 1]<UL><LI> startup_stm32f10x_md.o(RESET)
</UL>
<P><STRONG><a name="[e]"></a>FLASH_IRQHandler</STRONG> (Thumb, 0 bytes, Stack size 0 bytes, startup_stm32f10x_md.o(.text))
<BR>[Address Reference Count : 1]<UL><LI> startup_stm32f10x_md.o(RESET)
</UL>
<P><STRONG><a name="[2a]"></a>I2C1_ER_IRQHandler</STRONG> (Thumb, 0 bytes, Stack size 0 bytes, startup_stm32f10x_md.o(.text))
<BR>[Address Reference Count : 1]<UL><LI> startup_stm32f10x_md.o(RESET)
</UL>
<P><STRONG><a name="[29]"></a>I2C1_EV_IRQHandler</STRONG> (Thumb, 0 bytes, Stack size 0 bytes, startup_stm32f10x_md.o(.text))
<BR>[Address Reference Count : 1]<UL><LI> startup_stm32f10x_md.o(RESET)
</UL>
<P><STRONG><a name="[2c]"></a>I2C2_ER_IRQHandler</STRONG> (Thumb, 0 bytes, Stack size 0 bytes, startup_stm32f10x_md.o(.text))
<BR>[Address Reference Count : 1]<UL><LI> startup_stm32f10x_md.o(RESET)
</UL>
<P><STRONG><a name="[2b]"></a>I2C2_EV_IRQHandler</STRONG> (Thumb, 0 bytes, Stack size 0 bytes, startup_stm32f10x_md.o(.text))
<BR>[Address Reference Count : 1]<UL><LI> startup_stm32f10x_md.o(RESET)
</UL>
<P><STRONG><a name="[b]"></a>PVD_IRQHandler</STRONG> (Thumb, 0 bytes, Stack size 0 bytes, startup_stm32f10x_md.o(.text))
<BR>[Address Reference Count : 1]<UL><LI> startup_stm32f10x_md.o(RESET)
</UL>
<P><STRONG><a name="[f]"></a>RCC_IRQHandler</STRONG> (Thumb, 0 bytes, Stack size 0 bytes, startup_stm32f10x_md.o(.text))
<BR>[Address Reference Count : 1]<UL><LI> startup_stm32f10x_md.o(RESET)
</UL>
<P><STRONG><a name="[33]"></a>RTCAlarm_IRQHandler</STRONG> (Thumb, 0 bytes, Stack size 0 bytes, startup_stm32f10x_md.o(.text))
<BR>[Address Reference Count : 1]<UL><LI> startup_stm32f10x_md.o(RESET)
</UL>
<P><STRONG><a name="[d]"></a>RTC_IRQHandler</STRONG> (Thumb, 0 bytes, Stack size 0 bytes, startup_stm32f10x_md.o(.text))
<BR>[Address Reference Count : 1]<UL><LI> startup_stm32f10x_md.o(RESET)
</UL>
<P><STRONG><a name="[2d]"></a>SPI1_IRQHandler</STRONG> (Thumb, 0 bytes, Stack size 0 bytes, startup_stm32f10x_md.o(.text))
<BR>[Address Reference Count : 1]<UL><LI> startup_stm32f10x_md.o(RESET)
</UL>
<P><STRONG><a name="[2e]"></a>SPI2_IRQHandler</STRONG> (Thumb, 0 bytes, Stack size 0 bytes, startup_stm32f10x_md.o(.text))
<BR>[Address Reference Count : 1]<UL><LI> startup_stm32f10x_md.o(RESET)
</UL>
<P><STRONG><a name="[c]"></a>TAMPER_IRQHandler</STRONG> (Thumb, 0 bytes, Stack size 0 bytes, startup_stm32f10x_md.o(.text))
<BR>[Address Reference Count : 1]<UL><LI> startup_stm32f10x_md.o(RESET)
</UL>
<P><STRONG><a name="[22]"></a>TIM1_BRK_IRQHandler</STRONG> (Thumb, 0 bytes, Stack size 0 bytes, startup_stm32f10x_md.o(.text))
<BR>[Address Reference Count : 1]<UL><LI> startup_stm32f10x_md.o(RESET)
</UL>
<P><STRONG><a name="[25]"></a>TIM1_CC_IRQHandler</STRONG> (Thumb, 0 bytes, Stack size 0 bytes, startup_stm32f10x_md.o(.text))
<BR>[Address Reference Count : 1]<UL><LI> startup_stm32f10x_md.o(RESET)
</UL>
<P><STRONG><a name="[24]"></a>TIM1_TRG_COM_IRQHandler</STRONG> (Thumb, 0 bytes, Stack size 0 bytes, startup_stm32f10x_md.o(.text))
<BR>[Address Reference Count : 1]<UL><LI> startup_stm32f10x_md.o(RESET)
</UL>
<P><STRONG><a name="[23]"></a>TIM1_UP_IRQHandler</STRONG> (Thumb, 0 bytes, Stack size 0 bytes, startup_stm32f10x_md.o(.text))
<BR>[Address Reference Count : 1]<UL><LI> startup_stm32f10x_md.o(RESET)
</UL>
<P><STRONG><a name="[26]"></a>TIM2_IRQHandler</STRONG> (Thumb, 0 bytes, Stack size 0 bytes, startup_stm32f10x_md.o(.text))
<BR>[Address Reference Count : 1]<UL><LI> startup_stm32f10x_md.o(RESET)
</UL>
<P><STRONG><a name="[27]"></a>TIM3_IRQHandler</STRONG> (Thumb, 0 bytes, Stack size 0 bytes, startup_stm32f10x_md.o(.text))
<BR>[Address Reference Count : 1]<UL><LI> startup_stm32f10x_md.o(RESET)
</UL>
<P><STRONG><a name="[28]"></a>TIM4_IRQHandler</STRONG> (Thumb, 0 bytes, Stack size 0 bytes, startup_stm32f10x_md.o(.text))
<BR>[Address Reference Count : 1]<UL><LI> startup_stm32f10x_md.o(RESET)
</UL>
<P><STRONG><a name="[2f]"></a>USART1_IRQHandler</STRONG> (Thumb, 0 bytes, Stack size 0 bytes, startup_stm32f10x_md.o(.text))
<BR>[Address Reference Count : 1]<UL><LI> startup_stm32f10x_md.o(RESET)
</UL>
<P><STRONG><a name="[30]"></a>USART2_IRQHandler</STRONG> (Thumb, 0 bytes, Stack size 0 bytes, startup_stm32f10x_md.o(.text))
<BR>[Address Reference Count : 1]<UL><LI> startup_stm32f10x_md.o(RESET)
</UL>
<P><STRONG><a name="[31]"></a>USART3_IRQHandler</STRONG> (Thumb, 0 bytes, Stack size 0 bytes, startup_stm32f10x_md.o(.text))
<BR>[Address Reference Count : 1]<UL><LI> startup_stm32f10x_md.o(RESET)
</UL>
<P><STRONG><a name="[34]"></a>USBWakeUp_IRQHandler</STRONG> (Thumb, 0 bytes, Stack size 0 bytes, startup_stm32f10x_md.o(.text))
<BR>[Address Reference Count : 1]<UL><LI> startup_stm32f10x_md.o(RESET)
</UL>
<P><STRONG><a name="[1d]"></a>USB_HP_CAN1_TX_IRQHandler</STRONG> (Thumb, 0 bytes, Stack size 0 bytes, startup_stm32f10x_md.o(.text))
<BR>[Address Reference Count : 1]<UL><LI> startup_stm32f10x_md.o(RESET)
</UL>
<P><STRONG><a name="[1e]"></a>USB_LP_CAN1_RX0_IRQHandler</STRONG> (Thumb, 0 bytes, Stack size 0 bytes, startup_stm32f10x_md.o(.text))
<BR>[Address Reference Count : 1]<UL><LI> startup_stm32f10x_md.o(RESET)
</UL>
<P><STRONG><a name="[a]"></a>WWDG_IRQHandler</STRONG> (Thumb, 0 bytes, Stack size 0 bytes, startup_stm32f10x_md.o(.text))
<BR>[Address Reference Count : 1]<UL><LI> startup_stm32f10x_md.o(RESET)
</UL>
<P><STRONG><a name="[bc]"></a>__user_initial_stackheap</STRONG> (Thumb, 0 bytes, Stack size unknown bytes, startup_stm32f10x_md.o(.text), UNUSED, KEPT)

<P><STRONG><a name="[bf]"></a>__use_two_region_memory</STRONG> (Thumb, 2 bytes, Stack size 0 bytes, heapauxi.o(.text), UNUSED)

<P><STRONG><a name="[c0]"></a>__rt_heap_escrow$2region</STRONG> (Thumb, 2 bytes, Stack size 0 bytes, heapauxi.o(.text), UNUSED)

<P><STRONG><a name="[c1]"></a>__rt_heap_expand$2region</STRONG> (Thumb, 2 bytes, Stack size 0 bytes, heapauxi.o(.text), UNUSED)

<P><STRONG><a name="[35]"></a>SystemInit</STRONG> (Thumb, 102 bytes, Stack size 8 bytes, system_stm32f10x.o(.text.SystemInit))
<BR><BR>[Stack]<UL><LI>Max Depth = 32<LI>Call Chain = SystemInit &rArr; SetSysClock &rArr; SetSysClockTo72
</UL>
<BR>[Calls]<UL><LI><a href="#[bd]">&gt;&gt;</a>&nbsp;&nbsp;&nbsp;SetSysClock
</UL>
<BR>[Address Reference Count : 1]<UL><LI> startup_stm32f10x_md.o(.text)
</UL>
<P><STRONG><a name="[36]"></a>__main</STRONG> (Thumb, 36 bytes, Stack size 0 bytes, pacmanintegration.o(MYCODE))
<BR><BR>[Calls]<UL><LI><a href="#[91]">&gt;&gt;</a>&nbsp;&nbsp;&nbsp;MAIN_MENU
<LI><a href="#[3f]">&gt;&gt;</a>&nbsp;&nbsp;&nbsp;SETUP
<LI><a href="#[3e]">&gt;&gt;</a>&nbsp;&nbsp;&nbsp;DRAW_RECTANGLE_FILLED
</UL>
<BR>[Address Reference Count : 1]<UL><LI> startup_stm32f10x_md.o(.text)
</UL><P>
<H3>
Local Symbols
</H3>
<P><STRONG><a name="[37]"></a>EXECUTEPACMAN</STRONG> (Thumb, 520 bytes, Stack size 0 bytes, pacmanintegration.o(MYCODE))
<BR><BR>[Calls]<UL><LI><a href="#[8d]">&gt;&gt;</a>&nbsp;&nbsp;&nbsp;GHOST_COLLISION
<LI><a href="#[5c]">&gt;&gt;</a>&nbsp;&nbsp;&nbsp;DRAW_TIME
<LI><a href="#[5b]">&gt;&gt;</a>&nbsp;&nbsp;&nbsp;INITIALIZE_VARIABLES
<LI><a href="#[59]">&gt;&gt;</a>&nbsp;&nbsp;&nbsp;Draw_Arrow
<LI><a href="#[58]">&gt;&gt;</a>&nbsp;&nbsp;&nbsp;MOVE_PRISONER_UP
<LI><a href="#[57]">&gt;&gt;</a>&nbsp;&nbsp;&nbsp;MOVE_PRISONER_DOWN
<LI><a href="#[56]">&gt;&gt;</a>&nbsp;&nbsp;&nbsp;MOVE_PRISONER_RIGHT
<LI><a href="#[55]">&gt;&gt;</a>&nbsp;&nbsp;&nbsp;MOVE_PRISONER_LEFT
<LI><a href="#[54]">&gt;&gt;</a>&nbsp;&nbsp;&nbsp;DRAW_PRISONER
<LI><a href="#[52]">&gt;&gt;</a>&nbsp;&nbsp;&nbsp;DRAW_WALLS
<LI><a href="#[51]">&gt;&gt;</a>&nbsp;&nbsp;&nbsp;DRAW_WIN_ANIMATION
<LI><a href="#[50]">&gt;&gt;</a>&nbsp;&nbsp;&nbsp;DRAW_HIDDEN_PRISONER
<LI><a href="#[4e]">&gt;&gt;</a>&nbsp;&nbsp;&nbsp;DRAW_CIRCLE
<LI><a href="#[4d]">&gt;&gt;</a>&nbsp;&nbsp;&nbsp;MOVE_GHOST3_LEFT
<LI><a href="#[4c]">&gt;&gt;</a>&nbsp;&nbsp;&nbsp;MOVE_GHOST3_RIGHT
<LI><a href="#[4b]">&gt;&gt;</a>&nbsp;&nbsp;&nbsp;MOVE_GHOST2_LEFT
<LI><a href="#[4a]">&gt;&gt;</a>&nbsp;&nbsp;&nbsp;MOVE_GHOST2_RIGHT
<LI><a href="#[49]">&gt;&gt;</a>&nbsp;&nbsp;&nbsp;MOVE_GHOST1_LEFT
<LI><a href="#[48]">&gt;&gt;</a>&nbsp;&nbsp;&nbsp;MOVE_GHOST1_RIGHT
<LI><a href="#[47]">&gt;&gt;</a>&nbsp;&nbsp;&nbsp;DRAW_GHOST
<LI><a href="#[46]">&gt;&gt;</a>&nbsp;&nbsp;&nbsp;DRAW_LEVEL2
<LI><a href="#[45]">&gt;&gt;</a>&nbsp;&nbsp;&nbsp;DRAW_LEVEL1
<LI><a href="#[44]">&gt;&gt;</a>&nbsp;&nbsp;&nbsp;DRAW_winner
<LI><a href="#[43]">&gt;&gt;</a>&nbsp;&nbsp;&nbsp;DRAW_Hidden_Key
<LI><a href="#[41]">&gt;&gt;</a>&nbsp;&nbsp;&nbsp;delay_half_second
<LI><a href="#[3e]">&gt;&gt;</a>&nbsp;&nbsp;&nbsp;DRAW_RECTANGLE_FILLED
<LI><a href="#[38]">&gt;&gt;</a>&nbsp;&nbsp;&nbsp;LCD_WRITE
</UL>
<BR>[Called By]<UL><LI><a href="#[91]">&gt;&gt;</a>&nbsp;&nbsp;&nbsp;MAIN_MENU
</UL>

<P><STRONG><a name="[38]"></a>LCD_WRITE</STRONG> (Thumb, 44 bytes, Stack size 0 bytes, pacmanintegration.o(MYCODE))
<BR><BR>[Calls]<UL><LI><a href="#[39]">&gt;&gt;</a>&nbsp;&nbsp;&nbsp;LCD_COMMAND_WRITE
</UL>
<BR>[Called By]<UL><LI><a href="#[3a]">&gt;&gt;</a>&nbsp;&nbsp;&nbsp;LCD_DATA_WRITE
<LI><a href="#[39]">&gt;&gt;</a>&nbsp;&nbsp;&nbsp;LCD_COMMAND_WRITE
<LI><a href="#[37]">&gt;&gt;</a>&nbsp;&nbsp;&nbsp;EXECUTEPACMAN
</UL>

<P><STRONG><a name="[39]"></a>LCD_COMMAND_WRITE</STRONG> (Thumb, 44 bytes, Stack size 0 bytes, pacmanintegration.o(MYCODE))
<BR><BR>[Calls]<UL><LI><a href="#[3a]">&gt;&gt;</a>&nbsp;&nbsp;&nbsp;LCD_DATA_WRITE
<LI><a href="#[38]">&gt;&gt;</a>&nbsp;&nbsp;&nbsp;LCD_WRITE
</UL>
<BR>[Called By]<UL><LI><a href="#[3e]">&gt;&gt;</a>&nbsp;&nbsp;&nbsp;DRAW_RECTANGLE_FILLED
<LI><a href="#[3d]">&gt;&gt;</a>&nbsp;&nbsp;&nbsp;DRAWPIXEL
<LI><a href="#[3c]">&gt;&gt;</a>&nbsp;&nbsp;&nbsp;ADDRESS_SET
<LI><a href="#[3b]">&gt;&gt;</a>&nbsp;&nbsp;&nbsp;LCD_INIT
<LI><a href="#[38]">&gt;&gt;</a>&nbsp;&nbsp;&nbsp;LCD_WRITE
</UL>

<P><STRONG><a name="[3a]"></a>LCD_DATA_WRITE</STRONG> (Thumb, 36 bytes, Stack size 0 bytes, pacmanintegration.o(MYCODE))
<BR><BR>[Calls]<UL><LI><a href="#[3b]">&gt;&gt;</a>&nbsp;&nbsp;&nbsp;LCD_INIT
<LI><a href="#[38]">&gt;&gt;</a>&nbsp;&nbsp;&nbsp;LCD_WRITE
</UL>
<BR>[Called By]<UL><LI><a href="#[3e]">&gt;&gt;</a>&nbsp;&nbsp;&nbsp;DRAW_RECTANGLE_FILLED
<LI><a href="#[3d]">&gt;&gt;</a>&nbsp;&nbsp;&nbsp;DRAWPIXEL
<LI><a href="#[3c]">&gt;&gt;</a>&nbsp;&nbsp;&nbsp;ADDRESS_SET
<LI><a href="#[3b]">&gt;&gt;</a>&nbsp;&nbsp;&nbsp;LCD_INIT
<LI><a href="#[39]">&gt;&gt;</a>&nbsp;&nbsp;&nbsp;LCD_COMMAND_WRITE
</UL>

<P><STRONG><a name="[3b]"></a>LCD_INIT</STRONG> (Thumb, 222 bytes, Stack size 0 bytes, pacmanintegration.o(MYCODE))
<BR><BR>[Calls]<UL><LI><a href="#[42]">&gt;&gt;</a>&nbsp;&nbsp;&nbsp;delay_10_milli_second
<LI><a href="#[40]">&gt;&gt;</a>&nbsp;&nbsp;&nbsp;delay_1_second
<LI><a href="#[3c]">&gt;&gt;</a>&nbsp;&nbsp;&nbsp;ADDRESS_SET
<LI><a href="#[3a]">&gt;&gt;</a>&nbsp;&nbsp;&nbsp;LCD_DATA_WRITE
<LI><a href="#[39]">&gt;&gt;</a>&nbsp;&nbsp;&nbsp;LCD_COMMAND_WRITE
</UL>
<BR>[Called By]<UL><LI><a href="#[3f]">&gt;&gt;</a>&nbsp;&nbsp;&nbsp;SETUP
<LI><a href="#[3a]">&gt;&gt;</a>&nbsp;&nbsp;&nbsp;LCD_DATA_WRITE
</UL>

<P><STRONG><a name="[3c]"></a>ADDRESS_SET</STRONG> (Thumb, 92 bytes, Stack size 0 bytes, pacmanintegration.o(MYCODE))
<BR><BR>[Calls]<UL><LI><a href="#[3d]">&gt;&gt;</a>&nbsp;&nbsp;&nbsp;DRAWPIXEL
<LI><a href="#[3a]">&gt;&gt;</a>&nbsp;&nbsp;&nbsp;LCD_DATA_WRITE
<LI><a href="#[39]">&gt;&gt;</a>&nbsp;&nbsp;&nbsp;LCD_COMMAND_WRITE
</UL>
<BR>[Called By]<UL><LI><a href="#[3e]">&gt;&gt;</a>&nbsp;&nbsp;&nbsp;DRAW_RECTANGLE_FILLED
<LI><a href="#[3d]">&gt;&gt;</a>&nbsp;&nbsp;&nbsp;DRAWPIXEL
<LI><a href="#[3b]">&gt;&gt;</a>&nbsp;&nbsp;&nbsp;LCD_INIT
</UL>

<P><STRONG><a name="[3d]"></a>DRAWPIXEL</STRONG> (Thumb, 68 bytes, Stack size 0 bytes, pacmanintegration.o(MYCODE))
<BR><BR>[Calls]<UL><LI><a href="#[3c]">&gt;&gt;</a>&nbsp;&nbsp;&nbsp;ADDRESS_SET
<LI><a href="#[3a]">&gt;&gt;</a>&nbsp;&nbsp;&nbsp;LCD_DATA_WRITE
<LI><a href="#[39]">&gt;&gt;</a>&nbsp;&nbsp;&nbsp;LCD_COMMAND_WRITE
</UL>
<BR>[Called By]<UL><LI><a href="#[94]">&gt;&gt;</a>&nbsp;&nbsp;&nbsp;Draw_Bunny
<LI><a href="#[3c]">&gt;&gt;</a>&nbsp;&nbsp;&nbsp;ADDRESS_SET
</UL>

<P><STRONG><a name="[3e]"></a>DRAW_RECTANGLE_FILLED</STRONG> (Thumb, 70 bytes, Stack size 0 bytes, pacmanintegration.o(MYCODE))
<BR><BR>[Calls]<UL><LI><a href="#[3f]">&gt;&gt;</a>&nbsp;&nbsp;&nbsp;SETUP
<LI><a href="#[3c]">&gt;&gt;</a>&nbsp;&nbsp;&nbsp;ADDRESS_SET
<LI><a href="#[3a]">&gt;&gt;</a>&nbsp;&nbsp;&nbsp;LCD_DATA_WRITE
<LI><a href="#[39]">&gt;&gt;</a>&nbsp;&nbsp;&nbsp;LCD_COMMAND_WRITE
</UL>
<BR>[Called By]<UL><LI><a href="#[36]">&gt;&gt;</a>&nbsp;&nbsp;&nbsp;__main
<LI><a href="#[bb]">&gt;&gt;</a>&nbsp;&nbsp;&nbsp;DRAW_RIVER
<LI><a href="#[ba]">&gt;&gt;</a>&nbsp;&nbsp;&nbsp;DRAW_TRIANGLE_FILLED
<LI><a href="#[b8]">&gt;&gt;</a>&nbsp;&nbsp;&nbsp;DRAW_LANE5_MOVING
<LI><a href="#[b7]">&gt;&gt;</a>&nbsp;&nbsp;&nbsp;DRAW_LANE4_MOVING
<LI><a href="#[b6]">&gt;&gt;</a>&nbsp;&nbsp;&nbsp;DRAW_LANE3_MOVING
<LI><a href="#[b5]">&gt;&gt;</a>&nbsp;&nbsp;&nbsp;DRAW_LANE2_MOVING
<LI><a href="#[b4]">&gt;&gt;</a>&nbsp;&nbsp;&nbsp;DRAW_LANE1_MOVING
<LI><a href="#[aa]">&gt;&gt;</a>&nbsp;&nbsp;&nbsp;FOURTHJUMP
<LI><a href="#[a9]">&gt;&gt;</a>&nbsp;&nbsp;&nbsp;THIRDJUMP
<LI><a href="#[a8]">&gt;&gt;</a>&nbsp;&nbsp;&nbsp;SECONDJUMP
<LI><a href="#[a7]">&gt;&gt;</a>&nbsp;&nbsp;&nbsp;FIRSTJUMP
<LI><a href="#[a6]">&gt;&gt;</a>&nbsp;&nbsp;&nbsp;ZEROJUMP
<LI><a href="#[a5]">&gt;&gt;</a>&nbsp;&nbsp;&nbsp;DRAW_LOSE2
<LI><a href="#[a4]">&gt;&gt;</a>&nbsp;&nbsp;&nbsp;DRAW_WIN_ANIMATION2
<LI><a href="#[9e]">&gt;&gt;</a>&nbsp;&nbsp;&nbsp;SEVENTHJUMP_LEVEL2
<LI><a href="#[9d]">&gt;&gt;</a>&nbsp;&nbsp;&nbsp;SIXTHJUMP_LEVEL2
<LI><a href="#[9c]">&gt;&gt;</a>&nbsp;&nbsp;&nbsp;FIFTHJUMP_LEVEL2
<LI><a href="#[9b]">&gt;&gt;</a>&nbsp;&nbsp;&nbsp;FOURTHJUMP_LEVEL2
<LI><a href="#[9a]">&gt;&gt;</a>&nbsp;&nbsp;&nbsp;THIRDJUMP_LEVEL2
<LI><a href="#[99]">&gt;&gt;</a>&nbsp;&nbsp;&nbsp;SECONDJUMP_LEVEL2
<LI><a href="#[98]">&gt;&gt;</a>&nbsp;&nbsp;&nbsp;FIRSTJUMP_LEVEL2
<LI><a href="#[97]">&gt;&gt;</a>&nbsp;&nbsp;&nbsp;ZEROJUMP_LEVEL2
<LI><a href="#[95]">&gt;&gt;</a>&nbsp;&nbsp;&nbsp;EXECUTEFROGGER
<LI><a href="#[93]">&gt;&gt;</a>&nbsp;&nbsp;&nbsp;DRAW_winner_PACMAN
<LI><a href="#[92]">&gt;&gt;</a>&nbsp;&nbsp;&nbsp;Draw_Arrow2
<LI><a href="#[91]">&gt;&gt;</a>&nbsp;&nbsp;&nbsp;MAIN_MENU
<LI><a href="#[8c]">&gt;&gt;</a>&nbsp;&nbsp;&nbsp;VERLine1
<LI><a href="#[8a]">&gt;&gt;</a>&nbsp;&nbsp;&nbsp;DRAW_LOSE
<LI><a href="#[6a]">&gt;&gt;</a>&nbsp;&nbsp;&nbsp;DRAW_RIGHT_SEVEN
<LI><a href="#[69]">&gt;&gt;</a>&nbsp;&nbsp;&nbsp;DRAW_RIGHT_FOUR
<LI><a href="#[68]">&gt;&gt;</a>&nbsp;&nbsp;&nbsp;DRAW_RIGHT_SIX
<LI><a href="#[67]">&gt;&gt;</a>&nbsp;&nbsp;&nbsp;DRAW_RIGHT_FIVE
<LI><a href="#[66]">&gt;&gt;</a>&nbsp;&nbsp;&nbsp;DRAW_RIGHT_THREE
<LI><a href="#[65]">&gt;&gt;</a>&nbsp;&nbsp;&nbsp;DRAW_LEFT_THREE
<LI><a href="#[64]">&gt;&gt;</a>&nbsp;&nbsp;&nbsp;DRAW_RIGHT_TWO
<LI><a href="#[63]">&gt;&gt;</a>&nbsp;&nbsp;&nbsp;DRAW_LEFT_TWO
<LI><a href="#[62]">&gt;&gt;</a>&nbsp;&nbsp;&nbsp;DRAW_RIGHT_NINE
<LI><a href="#[61]">&gt;&gt;</a>&nbsp;&nbsp;&nbsp;DRAW_RIGHT_EIGHT
<LI><a href="#[60]">&gt;&gt;</a>&nbsp;&nbsp;&nbsp;DRAW_RIGHT_ONE
<LI><a href="#[5f]">&gt;&gt;</a>&nbsp;&nbsp;&nbsp;DRAW_LEFT_ONE
<LI><a href="#[5e]">&gt;&gt;</a>&nbsp;&nbsp;&nbsp;DRAW_RIGHT_ZERO
<LI><a href="#[5d]">&gt;&gt;</a>&nbsp;&nbsp;&nbsp;DRAW_LEFT_ZERO
<LI><a href="#[5a]">&gt;&gt;</a>&nbsp;&nbsp;&nbsp;DRAW_TIMEOUT
<LI><a href="#[59]">&gt;&gt;</a>&nbsp;&nbsp;&nbsp;Draw_Arrow
<LI><a href="#[58]">&gt;&gt;</a>&nbsp;&nbsp;&nbsp;MOVE_PRISONER_UP
<LI><a href="#[57]">&gt;&gt;</a>&nbsp;&nbsp;&nbsp;MOVE_PRISONER_DOWN
<LI><a href="#[56]">&gt;&gt;</a>&nbsp;&nbsp;&nbsp;MOVE_PRISONER_RIGHT
<LI><a href="#[55]">&gt;&gt;</a>&nbsp;&nbsp;&nbsp;MOVE_PRISONER_LEFT
<LI><a href="#[54]">&gt;&gt;</a>&nbsp;&nbsp;&nbsp;DRAW_PRISONER
<LI><a href="#[53]">&gt;&gt;</a>&nbsp;&nbsp;&nbsp;DRAW_TIMESLOT
<LI><a href="#[52]">&gt;&gt;</a>&nbsp;&nbsp;&nbsp;DRAW_WALLS
<LI><a href="#[51]">&gt;&gt;</a>&nbsp;&nbsp;&nbsp;DRAW_WIN_ANIMATION
<LI><a href="#[50]">&gt;&gt;</a>&nbsp;&nbsp;&nbsp;DRAW_HIDDEN_PRISONER
<LI><a href="#[4f]">&gt;&gt;</a>&nbsp;&nbsp;&nbsp;VERLine
<LI><a href="#[4e]">&gt;&gt;</a>&nbsp;&nbsp;&nbsp;DRAW_CIRCLE
<LI><a href="#[4d]">&gt;&gt;</a>&nbsp;&nbsp;&nbsp;MOVE_GHOST3_LEFT
<LI><a href="#[4c]">&gt;&gt;</a>&nbsp;&nbsp;&nbsp;MOVE_GHOST3_RIGHT
<LI><a href="#[4b]">&gt;&gt;</a>&nbsp;&nbsp;&nbsp;MOVE_GHOST2_LEFT
<LI><a href="#[4a]">&gt;&gt;</a>&nbsp;&nbsp;&nbsp;MOVE_GHOST2_RIGHT
<LI><a href="#[49]">&gt;&gt;</a>&nbsp;&nbsp;&nbsp;MOVE_GHOST1_LEFT
<LI><a href="#[48]">&gt;&gt;</a>&nbsp;&nbsp;&nbsp;MOVE_GHOST1_RIGHT
<LI><a href="#[47]">&gt;&gt;</a>&nbsp;&nbsp;&nbsp;DRAW_GHOST
<LI><a href="#[46]">&gt;&gt;</a>&nbsp;&nbsp;&nbsp;DRAW_LEVEL2
<LI><a href="#[45]">&gt;&gt;</a>&nbsp;&nbsp;&nbsp;DRAW_LEVEL1
<LI><a href="#[44]">&gt;&gt;</a>&nbsp;&nbsp;&nbsp;DRAW_winner
<LI><a href="#[43]">&gt;&gt;</a>&nbsp;&nbsp;&nbsp;DRAW_Hidden_Key
<LI><a href="#[37]">&gt;&gt;</a>&nbsp;&nbsp;&nbsp;EXECUTEPACMAN
</UL>

<P><STRONG><a name="[3f]"></a>SETUP</STRONG> (Thumb, 164 bytes, Stack size 0 bytes, pacmanintegration.o(MYCODE))
<BR><BR>[Calls]<UL><LI><a href="#[40]">&gt;&gt;</a>&nbsp;&nbsp;&nbsp;delay_1_second
<LI><a href="#[3b]">&gt;&gt;</a>&nbsp;&nbsp;&nbsp;LCD_INIT
</UL>
<BR>[Called By]<UL><LI><a href="#[36]">&gt;&gt;</a>&nbsp;&nbsp;&nbsp;__main
<LI><a href="#[3e]">&gt;&gt;</a>&nbsp;&nbsp;&nbsp;DRAW_RECTANGLE_FILLED
</UL>

<P><STRONG><a name="[40]"></a>delay_1_second</STRONG> (Thumb, 22 bytes, Stack size 0 bytes, pacmanintegration.o(MYCODE))
<BR><BR>[Called By]<UL><LI><a href="#[91]">&gt;&gt;</a>&nbsp;&nbsp;&nbsp;MAIN_MENU
<LI><a href="#[8b]">&gt;&gt;</a>&nbsp;&nbsp;&nbsp;LOSE2
<LI><a href="#[8a]">&gt;&gt;</a>&nbsp;&nbsp;&nbsp;DRAW_LOSE
<LI><a href="#[3f]">&gt;&gt;</a>&nbsp;&nbsp;&nbsp;SETUP
<LI><a href="#[3b]">&gt;&gt;</a>&nbsp;&nbsp;&nbsp;LCD_INIT
</UL>

<P><STRONG><a name="[41]"></a>delay_half_second</STRONG> (Thumb, 22 bytes, Stack size 0 bytes, pacmanintegration.o(MYCODE))
<BR><BR>[Called By]<UL><LI><a href="#[a5]">&gt;&gt;</a>&nbsp;&nbsp;&nbsp;DRAW_LOSE2
<LI><a href="#[95]">&gt;&gt;</a>&nbsp;&nbsp;&nbsp;EXECUTEFROGGER
<LI><a href="#[37]">&gt;&gt;</a>&nbsp;&nbsp;&nbsp;EXECUTEPACMAN
</UL>

<P><STRONG><a name="[42]"></a>delay_10_milli_second</STRONG> (Thumb, 22 bytes, Stack size 0 bytes, pacmanintegration.o(MYCODE))
<BR><BR>[Calls]<UL><LI><a href="#[43]">&gt;&gt;</a>&nbsp;&nbsp;&nbsp;DRAW_Hidden_Key
</UL>
<BR>[Called By]<UL><LI><a href="#[a3]">&gt;&gt;</a>&nbsp;&nbsp;&nbsp;MOVE_BUNNY_IN_RIVER
<LI><a href="#[a2]">&gt;&gt;</a>&nbsp;&nbsp;&nbsp;MOVE_BUNNY_IN_RIVER_LEVEL2
<LI><a href="#[95]">&gt;&gt;</a>&nbsp;&nbsp;&nbsp;EXECUTEFROGGER
<LI><a href="#[6b]">&gt;&gt;</a>&nbsp;&nbsp;&nbsp;DRAW_00
<LI><a href="#[3b]">&gt;&gt;</a>&nbsp;&nbsp;&nbsp;LCD_INIT
</UL>

<P><STRONG><a name="[43]"></a>DRAW_Hidden_Key</STRONG> (Thumb, 188 bytes, Stack size 0 bytes, pacmanintegration.o(MYCODE))
<BR><BR>[Calls]<UL><LI><a href="#[8c]">&gt;&gt;</a>&nbsp;&nbsp;&nbsp;VERLine1
<LI><a href="#[44]">&gt;&gt;</a>&nbsp;&nbsp;&nbsp;DRAW_winner
<LI><a href="#[3e]">&gt;&gt;</a>&nbsp;&nbsp;&nbsp;DRAW_RECTANGLE_FILLED
</UL>
<BR>[Called By]<UL><LI><a href="#[42]">&gt;&gt;</a>&nbsp;&nbsp;&nbsp;delay_10_milli_second
<LI><a href="#[37]">&gt;&gt;</a>&nbsp;&nbsp;&nbsp;EXECUTEPACMAN
</UL>

<P><STRONG><a name="[44]"></a>DRAW_winner</STRONG> (Thumb, 218 bytes, Stack size 0 bytes, pacmanintegration.o(MYCODE))
<BR><BR>[Calls]<UL><LI><a href="#[45]">&gt;&gt;</a>&nbsp;&nbsp;&nbsp;DRAW_LEVEL1
<LI><a href="#[3e]">&gt;&gt;</a>&nbsp;&nbsp;&nbsp;DRAW_RECTANGLE_FILLED
</UL>
<BR>[Called By]<UL><LI><a href="#[43]">&gt;&gt;</a>&nbsp;&nbsp;&nbsp;DRAW_Hidden_Key
<LI><a href="#[37]">&gt;&gt;</a>&nbsp;&nbsp;&nbsp;EXECUTEPACMAN
</UL>

<P><STRONG><a name="[45]"></a>DRAW_LEVEL1</STRONG> (Thumb, 120 bytes, Stack size 0 bytes, pacmanintegration.o(MYCODE))
<BR><BR>[Calls]<UL><LI><a href="#[59]">&gt;&gt;</a>&nbsp;&nbsp;&nbsp;Draw_Arrow
<LI><a href="#[54]">&gt;&gt;</a>&nbsp;&nbsp;&nbsp;DRAW_PRISONER
<LI><a href="#[52]">&gt;&gt;</a>&nbsp;&nbsp;&nbsp;DRAW_WALLS
<LI><a href="#[4e]">&gt;&gt;</a>&nbsp;&nbsp;&nbsp;DRAW_CIRCLE
<LI><a href="#[47]">&gt;&gt;</a>&nbsp;&nbsp;&nbsp;DRAW_GHOST
<LI><a href="#[46]">&gt;&gt;</a>&nbsp;&nbsp;&nbsp;DRAW_LEVEL2
<LI><a href="#[3e]">&gt;&gt;</a>&nbsp;&nbsp;&nbsp;DRAW_RECTANGLE_FILLED
</UL>
<BR>[Called By]<UL><LI><a href="#[44]">&gt;&gt;</a>&nbsp;&nbsp;&nbsp;DRAW_winner
<LI><a href="#[37]">&gt;&gt;</a>&nbsp;&nbsp;&nbsp;EXECUTEPACMAN
</UL>

<P><STRONG><a name="[46]"></a>DRAW_LEVEL2</STRONG> (Thumb, 120 bytes, Stack size 0 bytes, pacmanintegration.o(MYCODE))
<BR><BR>[Calls]<UL><LI><a href="#[59]">&gt;&gt;</a>&nbsp;&nbsp;&nbsp;Draw_Arrow
<LI><a href="#[54]">&gt;&gt;</a>&nbsp;&nbsp;&nbsp;DRAW_PRISONER
<LI><a href="#[53]">&gt;&gt;</a>&nbsp;&nbsp;&nbsp;DRAW_TIMESLOT
<LI><a href="#[52]">&gt;&gt;</a>&nbsp;&nbsp;&nbsp;DRAW_WALLS
<LI><a href="#[4e]">&gt;&gt;</a>&nbsp;&nbsp;&nbsp;DRAW_CIRCLE
<LI><a href="#[47]">&gt;&gt;</a>&nbsp;&nbsp;&nbsp;DRAW_GHOST
<LI><a href="#[3e]">&gt;&gt;</a>&nbsp;&nbsp;&nbsp;DRAW_RECTANGLE_FILLED
</UL>
<BR>[Called By]<UL><LI><a href="#[45]">&gt;&gt;</a>&nbsp;&nbsp;&nbsp;DRAW_LEVEL1
<LI><a href="#[37]">&gt;&gt;</a>&nbsp;&nbsp;&nbsp;EXECUTEPACMAN
</UL>

<P><STRONG><a name="[47]"></a>DRAW_GHOST</STRONG> (Thumb, 312 bytes, Stack size 0 bytes, pacmanintegration.o(MYCODE))
<BR><BR>[Calls]<UL><LI><a href="#[48]">&gt;&gt;</a>&nbsp;&nbsp;&nbsp;MOVE_GHOST1_RIGHT
<LI><a href="#[3e]">&gt;&gt;</a>&nbsp;&nbsp;&nbsp;DRAW_RECTANGLE_FILLED
</UL>
<BR>[Called By]<UL><LI><a href="#[4d]">&gt;&gt;</a>&nbsp;&nbsp;&nbsp;MOVE_GHOST3_LEFT
<LI><a href="#[4c]">&gt;&gt;</a>&nbsp;&nbsp;&nbsp;MOVE_GHOST3_RIGHT
<LI><a href="#[4b]">&gt;&gt;</a>&nbsp;&nbsp;&nbsp;MOVE_GHOST2_LEFT
<LI><a href="#[4a]">&gt;&gt;</a>&nbsp;&nbsp;&nbsp;MOVE_GHOST2_RIGHT
<LI><a href="#[49]">&gt;&gt;</a>&nbsp;&nbsp;&nbsp;MOVE_GHOST1_LEFT
<LI><a href="#[48]">&gt;&gt;</a>&nbsp;&nbsp;&nbsp;MOVE_GHOST1_RIGHT
<LI><a href="#[46]">&gt;&gt;</a>&nbsp;&nbsp;&nbsp;DRAW_LEVEL2
<LI><a href="#[45]">&gt;&gt;</a>&nbsp;&nbsp;&nbsp;DRAW_LEVEL1
<LI><a href="#[37]">&gt;&gt;</a>&nbsp;&nbsp;&nbsp;EXECUTEPACMAN
</UL>

<P><STRONG><a name="[48]"></a>MOVE_GHOST1_RIGHT</STRONG> (Thumb, 110 bytes, Stack size 0 bytes, pacmanintegration.o(MYCODE))
<BR><BR>[Calls]<UL><LI><a href="#[8a]">&gt;&gt;</a>&nbsp;&nbsp;&nbsp;DRAW_LOSE
<LI><a href="#[47]">&gt;&gt;</a>&nbsp;&nbsp;&nbsp;DRAW_GHOST
<LI><a href="#[3e]">&gt;&gt;</a>&nbsp;&nbsp;&nbsp;DRAW_RECTANGLE_FILLED
</UL>
<BR>[Called By]<UL><LI><a href="#[47]">&gt;&gt;</a>&nbsp;&nbsp;&nbsp;DRAW_GHOST
<LI><a href="#[37]">&gt;&gt;</a>&nbsp;&nbsp;&nbsp;EXECUTEPACMAN
</UL>

<P><STRONG><a name="[49]"></a>MOVE_GHOST1_LEFT</STRONG> (Thumb, 90 bytes, Stack size 0 bytes, pacmanintegration.o(MYCODE))
<BR><BR>[Calls]<UL><LI><a href="#[47]">&gt;&gt;</a>&nbsp;&nbsp;&nbsp;DRAW_GHOST
<LI><a href="#[3e]">&gt;&gt;</a>&nbsp;&nbsp;&nbsp;DRAW_RECTANGLE_FILLED
</UL>
<BR>[Called By]<UL><LI><a href="#[37]">&gt;&gt;</a>&nbsp;&nbsp;&nbsp;EXECUTEPACMAN
</UL>

<P><STRONG><a name="[4a]"></a>MOVE_GHOST2_RIGHT</STRONG> (Thumb, 98 bytes, Stack size 0 bytes, pacmanintegration.o(MYCODE))
<BR><BR>[Calls]<UL><LI><a href="#[47]">&gt;&gt;</a>&nbsp;&nbsp;&nbsp;DRAW_GHOST
<LI><a href="#[3e]">&gt;&gt;</a>&nbsp;&nbsp;&nbsp;DRAW_RECTANGLE_FILLED
</UL>
<BR>[Called By]<UL><LI><a href="#[37]">&gt;&gt;</a>&nbsp;&nbsp;&nbsp;EXECUTEPACMAN
</UL>

<P><STRONG><a name="[4b]"></a>MOVE_GHOST2_LEFT</STRONG> (Thumb, 90 bytes, Stack size 0 bytes, pacmanintegration.o(MYCODE))
<BR><BR>[Calls]<UL><LI><a href="#[4c]">&gt;&gt;</a>&nbsp;&nbsp;&nbsp;MOVE_GHOST3_RIGHT
<LI><a href="#[47]">&gt;&gt;</a>&nbsp;&nbsp;&nbsp;DRAW_GHOST
<LI><a href="#[3e]">&gt;&gt;</a>&nbsp;&nbsp;&nbsp;DRAW_RECTANGLE_FILLED
</UL>
<BR>[Called By]<UL><LI><a href="#[37]">&gt;&gt;</a>&nbsp;&nbsp;&nbsp;EXECUTEPACMAN
</UL>

<P><STRONG><a name="[4c]"></a>MOVE_GHOST3_RIGHT</STRONG> (Thumb, 98 bytes, Stack size 0 bytes, pacmanintegration.o(MYCODE))
<BR><BR>[Calls]<UL><LI><a href="#[47]">&gt;&gt;</a>&nbsp;&nbsp;&nbsp;DRAW_GHOST
<LI><a href="#[3e]">&gt;&gt;</a>&nbsp;&nbsp;&nbsp;DRAW_RECTANGLE_FILLED
</UL>
<BR>[Called By]<UL><LI><a href="#[4b]">&gt;&gt;</a>&nbsp;&nbsp;&nbsp;MOVE_GHOST2_LEFT
<LI><a href="#[37]">&gt;&gt;</a>&nbsp;&nbsp;&nbsp;EXECUTEPACMAN
</UL>

<P><STRONG><a name="[4d]"></a>MOVE_GHOST3_LEFT</STRONG> (Thumb, 90 bytes, Stack size 0 bytes, pacmanintegration.o(MYCODE))
<BR><BR>[Calls]<UL><LI><a href="#[4e]">&gt;&gt;</a>&nbsp;&nbsp;&nbsp;DRAW_CIRCLE
<LI><a href="#[47]">&gt;&gt;</a>&nbsp;&nbsp;&nbsp;DRAW_GHOST
<LI><a href="#[3e]">&gt;&gt;</a>&nbsp;&nbsp;&nbsp;DRAW_RECTANGLE_FILLED
</UL>
<BR>[Called By]<UL><LI><a href="#[37]">&gt;&gt;</a>&nbsp;&nbsp;&nbsp;EXECUTEPACMAN
</UL>

<P><STRONG><a name="[4e]"></a>DRAW_CIRCLE</STRONG> (Thumb, 188 bytes, Stack size 0 bytes, pacmanintegration.o(MYCODE))
<BR><BR>[Calls]<UL><LI><a href="#[4f]">&gt;&gt;</a>&nbsp;&nbsp;&nbsp;VERLine
<LI><a href="#[3e]">&gt;&gt;</a>&nbsp;&nbsp;&nbsp;DRAW_RECTANGLE_FILLED
</UL>
<BR>[Called By]<UL><LI><a href="#[4d]">&gt;&gt;</a>&nbsp;&nbsp;&nbsp;MOVE_GHOST3_LEFT
<LI><a href="#[46]">&gt;&gt;</a>&nbsp;&nbsp;&nbsp;DRAW_LEVEL2
<LI><a href="#[45]">&gt;&gt;</a>&nbsp;&nbsp;&nbsp;DRAW_LEVEL1
<LI><a href="#[37]">&gt;&gt;</a>&nbsp;&nbsp;&nbsp;EXECUTEPACMAN
</UL>

<P><STRONG><a name="[4f]"></a>VERLine</STRONG> (Thumb, 24 bytes, Stack size 0 bytes, pacmanintegration.o(MYCODE))
<BR><BR>[Calls]<UL><LI><a href="#[50]">&gt;&gt;</a>&nbsp;&nbsp;&nbsp;DRAW_HIDDEN_PRISONER
<LI><a href="#[3e]">&gt;&gt;</a>&nbsp;&nbsp;&nbsp;DRAW_RECTANGLE_FILLED
</UL>
<BR>[Called By]<UL><LI><a href="#[4e]">&gt;&gt;</a>&nbsp;&nbsp;&nbsp;DRAW_CIRCLE
</UL>

<P><STRONG><a name="[50]"></a>DRAW_HIDDEN_PRISONER</STRONG> (Thumb, 214 bytes, Stack size 0 bytes, pacmanintegration.o(MYCODE))
<BR><BR>[Calls]<UL><LI><a href="#[51]">&gt;&gt;</a>&nbsp;&nbsp;&nbsp;DRAW_WIN_ANIMATION
<LI><a href="#[3e]">&gt;&gt;</a>&nbsp;&nbsp;&nbsp;DRAW_RECTANGLE_FILLED
</UL>
<BR>[Called By]<UL><LI><a href="#[4f]">&gt;&gt;</a>&nbsp;&nbsp;&nbsp;VERLine
<LI><a href="#[37]">&gt;&gt;</a>&nbsp;&nbsp;&nbsp;EXECUTEPACMAN
</UL>

<P><STRONG><a name="[51]"></a>DRAW_WIN_ANIMATION</STRONG> (Thumb, 204 bytes, Stack size 0 bytes, pacmanintegration.o(MYCODE))
<BR><BR>[Calls]<UL><LI><a href="#[52]">&gt;&gt;</a>&nbsp;&nbsp;&nbsp;DRAW_WALLS
<LI><a href="#[3e]">&gt;&gt;</a>&nbsp;&nbsp;&nbsp;DRAW_RECTANGLE_FILLED
</UL>
<BR>[Called By]<UL><LI><a href="#[95]">&gt;&gt;</a>&nbsp;&nbsp;&nbsp;EXECUTEFROGGER
<LI><a href="#[50]">&gt;&gt;</a>&nbsp;&nbsp;&nbsp;DRAW_HIDDEN_PRISONER
<LI><a href="#[37]">&gt;&gt;</a>&nbsp;&nbsp;&nbsp;EXECUTEPACMAN
</UL>

<P><STRONG><a name="[52]"></a>DRAW_WALLS</STRONG> (Thumb, 252 bytes, Stack size 0 bytes, pacmanintegration.o(MYCODE))
<BR><BR>[Calls]<UL><LI><a href="#[53]">&gt;&gt;</a>&nbsp;&nbsp;&nbsp;DRAW_TIMESLOT
<LI><a href="#[3e]">&gt;&gt;</a>&nbsp;&nbsp;&nbsp;DRAW_RECTANGLE_FILLED
</UL>
<BR>[Called By]<UL><LI><a href="#[51]">&gt;&gt;</a>&nbsp;&nbsp;&nbsp;DRAW_WIN_ANIMATION
<LI><a href="#[46]">&gt;&gt;</a>&nbsp;&nbsp;&nbsp;DRAW_LEVEL2
<LI><a href="#[45]">&gt;&gt;</a>&nbsp;&nbsp;&nbsp;DRAW_LEVEL1
<LI><a href="#[37]">&gt;&gt;</a>&nbsp;&nbsp;&nbsp;EXECUTEPACMAN
</UL>

<P><STRONG><a name="[53]"></a>DRAW_TIMESLOT</STRONG> (Thumb, 412 bytes, Stack size 0 bytes, pacmanintegration.o(MYCODE))
<BR><BR>[Calls]<UL><LI><a href="#[54]">&gt;&gt;</a>&nbsp;&nbsp;&nbsp;DRAW_PRISONER
<LI><a href="#[3e]">&gt;&gt;</a>&nbsp;&nbsp;&nbsp;DRAW_RECTANGLE_FILLED
</UL>
<BR>[Called By]<UL><LI><a href="#[52]">&gt;&gt;</a>&nbsp;&nbsp;&nbsp;DRAW_WALLS
<LI><a href="#[46]">&gt;&gt;</a>&nbsp;&nbsp;&nbsp;DRAW_LEVEL2
</UL>

<P><STRONG><a name="[54]"></a>DRAW_PRISONER</STRONG> (Thumb, 214 bytes, Stack size 0 bytes, pacmanintegration.o(MYCODE))
<BR><BR>[Calls]<UL><LI><a href="#[55]">&gt;&gt;</a>&nbsp;&nbsp;&nbsp;MOVE_PRISONER_LEFT
<LI><a href="#[3e]">&gt;&gt;</a>&nbsp;&nbsp;&nbsp;DRAW_RECTANGLE_FILLED
</UL>
<BR>[Called By]<UL><LI><a href="#[58]">&gt;&gt;</a>&nbsp;&nbsp;&nbsp;MOVE_PRISONER_UP
<LI><a href="#[57]">&gt;&gt;</a>&nbsp;&nbsp;&nbsp;MOVE_PRISONER_DOWN
<LI><a href="#[56]">&gt;&gt;</a>&nbsp;&nbsp;&nbsp;MOVE_PRISONER_RIGHT
<LI><a href="#[55]">&gt;&gt;</a>&nbsp;&nbsp;&nbsp;MOVE_PRISONER_LEFT
<LI><a href="#[53]">&gt;&gt;</a>&nbsp;&nbsp;&nbsp;DRAW_TIMESLOT
<LI><a href="#[46]">&gt;&gt;</a>&nbsp;&nbsp;&nbsp;DRAW_LEVEL2
<LI><a href="#[45]">&gt;&gt;</a>&nbsp;&nbsp;&nbsp;DRAW_LEVEL1
<LI><a href="#[37]">&gt;&gt;</a>&nbsp;&nbsp;&nbsp;EXECUTEPACMAN
</UL>

<P><STRONG><a name="[55]"></a>MOVE_PRISONER_LEFT</STRONG> (Thumb, 104 bytes, Stack size 0 bytes, pacmanintegration.o(MYCODE))
<BR><BR>[Calls]<UL><LI><a href="#[90]">&gt;&gt;</a>&nbsp;&nbsp;&nbsp;WALL_COLLISION_RIGHT
<LI><a href="#[56]">&gt;&gt;</a>&nbsp;&nbsp;&nbsp;MOVE_PRISONER_RIGHT
<LI><a href="#[54]">&gt;&gt;</a>&nbsp;&nbsp;&nbsp;DRAW_PRISONER
<LI><a href="#[3e]">&gt;&gt;</a>&nbsp;&nbsp;&nbsp;DRAW_RECTANGLE_FILLED
</UL>
<BR>[Called By]<UL><LI><a href="#[54]">&gt;&gt;</a>&nbsp;&nbsp;&nbsp;DRAW_PRISONER
<LI><a href="#[37]">&gt;&gt;</a>&nbsp;&nbsp;&nbsp;EXECUTEPACMAN
</UL>

<P><STRONG><a name="[56]"></a>MOVE_PRISONER_RIGHT</STRONG> (Thumb, 108 bytes, Stack size 0 bytes, pacmanintegration.o(MYCODE))
<BR><BR>[Calls]<UL><LI><a href="#[90]">&gt;&gt;</a>&nbsp;&nbsp;&nbsp;WALL_COLLISION_RIGHT
<LI><a href="#[57]">&gt;&gt;</a>&nbsp;&nbsp;&nbsp;MOVE_PRISONER_DOWN
<LI><a href="#[54]">&gt;&gt;</a>&nbsp;&nbsp;&nbsp;DRAW_PRISONER
<LI><a href="#[3e]">&gt;&gt;</a>&nbsp;&nbsp;&nbsp;DRAW_RECTANGLE_FILLED
</UL>
<BR>[Called By]<UL><LI><a href="#[55]">&gt;&gt;</a>&nbsp;&nbsp;&nbsp;MOVE_PRISONER_LEFT
<LI><a href="#[37]">&gt;&gt;</a>&nbsp;&nbsp;&nbsp;EXECUTEPACMAN
</UL>

<P><STRONG><a name="[57]"></a>MOVE_PRISONER_DOWN</STRONG> (Thumb, 108 bytes, Stack size 0 bytes, pacmanintegration.o(MYCODE))
<BR><BR>[Calls]<UL><LI><a href="#[8e]">&gt;&gt;</a>&nbsp;&nbsp;&nbsp;WALL_COLLISION_DOWN
<LI><a href="#[58]">&gt;&gt;</a>&nbsp;&nbsp;&nbsp;MOVE_PRISONER_UP
<LI><a href="#[54]">&gt;&gt;</a>&nbsp;&nbsp;&nbsp;DRAW_PRISONER
<LI><a href="#[3e]">&gt;&gt;</a>&nbsp;&nbsp;&nbsp;DRAW_RECTANGLE_FILLED
</UL>
<BR>[Called By]<UL><LI><a href="#[56]">&gt;&gt;</a>&nbsp;&nbsp;&nbsp;MOVE_PRISONER_RIGHT
<LI><a href="#[37]">&gt;&gt;</a>&nbsp;&nbsp;&nbsp;EXECUTEPACMAN
</UL>

<P><STRONG><a name="[58]"></a>MOVE_PRISONER_UP</STRONG> (Thumb, 108 bytes, Stack size 0 bytes, pacmanintegration.o(MYCODE))
<BR><BR>[Calls]<UL><LI><a href="#[8f]">&gt;&gt;</a>&nbsp;&nbsp;&nbsp;WALL_COLLISION_UP
<LI><a href="#[59]">&gt;&gt;</a>&nbsp;&nbsp;&nbsp;Draw_Arrow
<LI><a href="#[54]">&gt;&gt;</a>&nbsp;&nbsp;&nbsp;DRAW_PRISONER
<LI><a href="#[3e]">&gt;&gt;</a>&nbsp;&nbsp;&nbsp;DRAW_RECTANGLE_FILLED
</UL>
<BR>[Called By]<UL><LI><a href="#[57]">&gt;&gt;</a>&nbsp;&nbsp;&nbsp;MOVE_PRISONER_DOWN
<LI><a href="#[37]">&gt;&gt;</a>&nbsp;&nbsp;&nbsp;EXECUTEPACMAN
</UL>

<P><STRONG><a name="[59]"></a>Draw_Arrow</STRONG> (Thumb, 110 bytes, Stack size 0 bytes, pacmanintegration.o(MYCODE))
<BR><BR>[Calls]<UL><LI><a href="#[5a]">&gt;&gt;</a>&nbsp;&nbsp;&nbsp;DRAW_TIMEOUT
<LI><a href="#[3e]">&gt;&gt;</a>&nbsp;&nbsp;&nbsp;DRAW_RECTANGLE_FILLED
</UL>
<BR>[Called By]<UL><LI><a href="#[58]">&gt;&gt;</a>&nbsp;&nbsp;&nbsp;MOVE_PRISONER_UP
<LI><a href="#[46]">&gt;&gt;</a>&nbsp;&nbsp;&nbsp;DRAW_LEVEL2
<LI><a href="#[45]">&gt;&gt;</a>&nbsp;&nbsp;&nbsp;DRAW_LEVEL1
<LI><a href="#[37]">&gt;&gt;</a>&nbsp;&nbsp;&nbsp;EXECUTEPACMAN
</UL>

<P><STRONG><a name="[5a]"></a>DRAW_TIMEOUT</STRONG> (Thumb, 732 bytes, Stack size 0 bytes, pacmanintegration.o(MYCODE))
<BR><BR>[Calls]<UL><LI><a href="#[8b]">&gt;&gt;</a>&nbsp;&nbsp;&nbsp;LOSE2
<LI><a href="#[3e]">&gt;&gt;</a>&nbsp;&nbsp;&nbsp;DRAW_RECTANGLE_FILLED
</UL>
<BR>[Called By]<UL><LI><a href="#[6b]">&gt;&gt;</a>&nbsp;&nbsp;&nbsp;DRAW_00
<LI><a href="#[59]">&gt;&gt;</a>&nbsp;&nbsp;&nbsp;Draw_Arrow
</UL>

<P><STRONG><a name="[5b]"></a>INITIALIZE_VARIABLES</STRONG> (Thumb, 138 bytes, Stack size 0 bytes, pacmanintegration.o(MYCODE))
<BR><BR>[Calls]<UL><LI><a href="#[5c]">&gt;&gt;</a>&nbsp;&nbsp;&nbsp;DRAW_TIME
</UL>
<BR>[Called By]<UL><LI><a href="#[37]">&gt;&gt;</a>&nbsp;&nbsp;&nbsp;EXECUTEPACMAN
</UL>

<P><STRONG><a name="[5c]"></a>DRAW_TIME</STRONG> (Thumb, 342 bytes, Stack size 0 bytes, pacmanintegration.o(MYCODE))
<BR><BR>[Calls]<UL><LI><a href="#[89]">&gt;&gt;</a>&nbsp;&nbsp;&nbsp;DRAW_30
<LI><a href="#[88]">&gt;&gt;</a>&nbsp;&nbsp;&nbsp;DRAW_29
<LI><a href="#[87]">&gt;&gt;</a>&nbsp;&nbsp;&nbsp;DRAW_28
<LI><a href="#[86]">&gt;&gt;</a>&nbsp;&nbsp;&nbsp;DRAW_27
<LI><a href="#[85]">&gt;&gt;</a>&nbsp;&nbsp;&nbsp;DRAW_26
<LI><a href="#[84]">&gt;&gt;</a>&nbsp;&nbsp;&nbsp;DRAW_25
<LI><a href="#[83]">&gt;&gt;</a>&nbsp;&nbsp;&nbsp;DRAW_24
<LI><a href="#[82]">&gt;&gt;</a>&nbsp;&nbsp;&nbsp;DRAW_23
<LI><a href="#[81]">&gt;&gt;</a>&nbsp;&nbsp;&nbsp;DRAW_22
<LI><a href="#[80]">&gt;&gt;</a>&nbsp;&nbsp;&nbsp;DRAW_21
<LI><a href="#[7f]">&gt;&gt;</a>&nbsp;&nbsp;&nbsp;DRAW_20
<LI><a href="#[7e]">&gt;&gt;</a>&nbsp;&nbsp;&nbsp;DRAW_19
<LI><a href="#[7d]">&gt;&gt;</a>&nbsp;&nbsp;&nbsp;DRAW_18
<LI><a href="#[7c]">&gt;&gt;</a>&nbsp;&nbsp;&nbsp;DRAW_17
<LI><a href="#[7b]">&gt;&gt;</a>&nbsp;&nbsp;&nbsp;DRAW_16
<LI><a href="#[7a]">&gt;&gt;</a>&nbsp;&nbsp;&nbsp;DRAW_15
<LI><a href="#[79]">&gt;&gt;</a>&nbsp;&nbsp;&nbsp;DRAW_14
<LI><a href="#[78]">&gt;&gt;</a>&nbsp;&nbsp;&nbsp;DRAW_13
<LI><a href="#[77]">&gt;&gt;</a>&nbsp;&nbsp;&nbsp;DRAW_12
<LI><a href="#[76]">&gt;&gt;</a>&nbsp;&nbsp;&nbsp;DRAW_11
<LI><a href="#[75]">&gt;&gt;</a>&nbsp;&nbsp;&nbsp;DRAW_10
<LI><a href="#[74]">&gt;&gt;</a>&nbsp;&nbsp;&nbsp;DRAW_09
<LI><a href="#[73]">&gt;&gt;</a>&nbsp;&nbsp;&nbsp;DRAW_08
<LI><a href="#[72]">&gt;&gt;</a>&nbsp;&nbsp;&nbsp;DRAW_07
<LI><a href="#[71]">&gt;&gt;</a>&nbsp;&nbsp;&nbsp;DRAW_06
<LI><a href="#[70]">&gt;&gt;</a>&nbsp;&nbsp;&nbsp;DRAW_05
<LI><a href="#[6f]">&gt;&gt;</a>&nbsp;&nbsp;&nbsp;DRAW_04
<LI><a href="#[6e]">&gt;&gt;</a>&nbsp;&nbsp;&nbsp;DRAW_03
<LI><a href="#[6d]">&gt;&gt;</a>&nbsp;&nbsp;&nbsp;DRAW_02
<LI><a href="#[6c]">&gt;&gt;</a>&nbsp;&nbsp;&nbsp;DRAW_01
<LI><a href="#[6b]">&gt;&gt;</a>&nbsp;&nbsp;&nbsp;DRAW_00
<LI><a href="#[5d]">&gt;&gt;</a>&nbsp;&nbsp;&nbsp;DRAW_LEFT_ZERO
</UL>
<BR>[Called By]<UL><LI><a href="#[5b]">&gt;&gt;</a>&nbsp;&nbsp;&nbsp;INITIALIZE_VARIABLES
<LI><a href="#[37]">&gt;&gt;</a>&nbsp;&nbsp;&nbsp;EXECUTEPACMAN
</UL>

<P><STRONG><a name="[5d]"></a>DRAW_LEFT_ZERO</STRONG> (Thumb, 188 bytes, Stack size 0 bytes, pacmanintegration.o(MYCODE))
<BR><BR>[Calls]<UL><LI><a href="#[5e]">&gt;&gt;</a>&nbsp;&nbsp;&nbsp;DRAW_RIGHT_ZERO
<LI><a href="#[3e]">&gt;&gt;</a>&nbsp;&nbsp;&nbsp;DRAW_RECTANGLE_FILLED
</UL>
<BR>[Called By]<UL><LI><a href="#[74]">&gt;&gt;</a>&nbsp;&nbsp;&nbsp;DRAW_09
<LI><a href="#[73]">&gt;&gt;</a>&nbsp;&nbsp;&nbsp;DRAW_08
<LI><a href="#[72]">&gt;&gt;</a>&nbsp;&nbsp;&nbsp;DRAW_07
<LI><a href="#[71]">&gt;&gt;</a>&nbsp;&nbsp;&nbsp;DRAW_06
<LI><a href="#[70]">&gt;&gt;</a>&nbsp;&nbsp;&nbsp;DRAW_05
<LI><a href="#[6f]">&gt;&gt;</a>&nbsp;&nbsp;&nbsp;DRAW_04
<LI><a href="#[6e]">&gt;&gt;</a>&nbsp;&nbsp;&nbsp;DRAW_03
<LI><a href="#[6d]">&gt;&gt;</a>&nbsp;&nbsp;&nbsp;DRAW_02
<LI><a href="#[6c]">&gt;&gt;</a>&nbsp;&nbsp;&nbsp;DRAW_01
<LI><a href="#[6b]">&gt;&gt;</a>&nbsp;&nbsp;&nbsp;DRAW_00
<LI><a href="#[5c]">&gt;&gt;</a>&nbsp;&nbsp;&nbsp;DRAW_TIME
</UL>

<P><STRONG><a name="[5e]"></a>DRAW_RIGHT_ZERO</STRONG> (Thumb, 188 bytes, Stack size 0 bytes, pacmanintegration.o(MYCODE))
<BR><BR>[Calls]<UL><LI><a href="#[5f]">&gt;&gt;</a>&nbsp;&nbsp;&nbsp;DRAW_LEFT_ONE
<LI><a href="#[3e]">&gt;&gt;</a>&nbsp;&nbsp;&nbsp;DRAW_RECTANGLE_FILLED
</UL>
<BR>[Called By]<UL><LI><a href="#[89]">&gt;&gt;</a>&nbsp;&nbsp;&nbsp;DRAW_30
<LI><a href="#[7f]">&gt;&gt;</a>&nbsp;&nbsp;&nbsp;DRAW_20
<LI><a href="#[75]">&gt;&gt;</a>&nbsp;&nbsp;&nbsp;DRAW_10
<LI><a href="#[6b]">&gt;&gt;</a>&nbsp;&nbsp;&nbsp;DRAW_00
<LI><a href="#[5d]">&gt;&gt;</a>&nbsp;&nbsp;&nbsp;DRAW_LEFT_ZERO
</UL>

<P><STRONG><a name="[5f]"></a>DRAW_LEFT_ONE</STRONG> (Thumb, 224 bytes, Stack size 0 bytes, pacmanintegration.o(MYCODE))
<BR><BR>[Calls]<UL><LI><a href="#[60]">&gt;&gt;</a>&nbsp;&nbsp;&nbsp;DRAW_RIGHT_ONE
<LI><a href="#[3e]">&gt;&gt;</a>&nbsp;&nbsp;&nbsp;DRAW_RECTANGLE_FILLED
</UL>
<BR>[Called By]<UL><LI><a href="#[7e]">&gt;&gt;</a>&nbsp;&nbsp;&nbsp;DRAW_19
<LI><a href="#[7d]">&gt;&gt;</a>&nbsp;&nbsp;&nbsp;DRAW_18
<LI><a href="#[7c]">&gt;&gt;</a>&nbsp;&nbsp;&nbsp;DRAW_17
<LI><a href="#[7b]">&gt;&gt;</a>&nbsp;&nbsp;&nbsp;DRAW_16
<LI><a href="#[7a]">&gt;&gt;</a>&nbsp;&nbsp;&nbsp;DRAW_15
<LI><a href="#[79]">&gt;&gt;</a>&nbsp;&nbsp;&nbsp;DRAW_14
<LI><a href="#[78]">&gt;&gt;</a>&nbsp;&nbsp;&nbsp;DRAW_13
<LI><a href="#[77]">&gt;&gt;</a>&nbsp;&nbsp;&nbsp;DRAW_12
<LI><a href="#[76]">&gt;&gt;</a>&nbsp;&nbsp;&nbsp;DRAW_11
<LI><a href="#[75]">&gt;&gt;</a>&nbsp;&nbsp;&nbsp;DRAW_10
<LI><a href="#[5e]">&gt;&gt;</a>&nbsp;&nbsp;&nbsp;DRAW_RIGHT_ZERO
</UL>

<P><STRONG><a name="[60]"></a>DRAW_RIGHT_ONE</STRONG> (Thumb, 224 bytes, Stack size 0 bytes, pacmanintegration.o(MYCODE))
<BR><BR>[Calls]<UL><LI><a href="#[61]">&gt;&gt;</a>&nbsp;&nbsp;&nbsp;DRAW_RIGHT_EIGHT
<LI><a href="#[3e]">&gt;&gt;</a>&nbsp;&nbsp;&nbsp;DRAW_RECTANGLE_FILLED
</UL>
<BR>[Called By]<UL><LI><a href="#[80]">&gt;&gt;</a>&nbsp;&nbsp;&nbsp;DRAW_21
<LI><a href="#[76]">&gt;&gt;</a>&nbsp;&nbsp;&nbsp;DRAW_11
<LI><a href="#[6c]">&gt;&gt;</a>&nbsp;&nbsp;&nbsp;DRAW_01
<LI><a href="#[5f]">&gt;&gt;</a>&nbsp;&nbsp;&nbsp;DRAW_LEFT_ONE
</UL>

<P><STRONG><a name="[61]"></a>DRAW_RIGHT_EIGHT</STRONG> (Thumb, 260 bytes, Stack size 0 bytes, pacmanintegration.o(MYCODE))
<BR><BR>[Calls]<UL><LI><a href="#[62]">&gt;&gt;</a>&nbsp;&nbsp;&nbsp;DRAW_RIGHT_NINE
<LI><a href="#[3e]">&gt;&gt;</a>&nbsp;&nbsp;&nbsp;DRAW_RECTANGLE_FILLED
</UL>
<BR>[Called By]<UL><LI><a href="#[87]">&gt;&gt;</a>&nbsp;&nbsp;&nbsp;DRAW_28
<LI><a href="#[7d]">&gt;&gt;</a>&nbsp;&nbsp;&nbsp;DRAW_18
<LI><a href="#[73]">&gt;&gt;</a>&nbsp;&nbsp;&nbsp;DRAW_08
<LI><a href="#[60]">&gt;&gt;</a>&nbsp;&nbsp;&nbsp;DRAW_RIGHT_ONE
</UL>

<P><STRONG><a name="[62]"></a>DRAW_RIGHT_NINE</STRONG> (Thumb, 260 bytes, Stack size 0 bytes, pacmanintegration.o(MYCODE))
<BR><BR>[Calls]<UL><LI><a href="#[63]">&gt;&gt;</a>&nbsp;&nbsp;&nbsp;DRAW_LEFT_TWO
<LI><a href="#[3e]">&gt;&gt;</a>&nbsp;&nbsp;&nbsp;DRAW_RECTANGLE_FILLED
</UL>
<BR>[Called By]<UL><LI><a href="#[88]">&gt;&gt;</a>&nbsp;&nbsp;&nbsp;DRAW_29
<LI><a href="#[7e]">&gt;&gt;</a>&nbsp;&nbsp;&nbsp;DRAW_19
<LI><a href="#[74]">&gt;&gt;</a>&nbsp;&nbsp;&nbsp;DRAW_09
<LI><a href="#[61]">&gt;&gt;</a>&nbsp;&nbsp;&nbsp;DRAW_RIGHT_EIGHT
</UL>

<P><STRONG><a name="[63]"></a>DRAW_LEFT_TWO</STRONG> (Thumb, 260 bytes, Stack size 0 bytes, pacmanintegration.o(MYCODE))
<BR><BR>[Calls]<UL><LI><a href="#[64]">&gt;&gt;</a>&nbsp;&nbsp;&nbsp;DRAW_RIGHT_TWO
<LI><a href="#[3e]">&gt;&gt;</a>&nbsp;&nbsp;&nbsp;DRAW_RECTANGLE_FILLED
</UL>
<BR>[Called By]<UL><LI><a href="#[88]">&gt;&gt;</a>&nbsp;&nbsp;&nbsp;DRAW_29
<LI><a href="#[87]">&gt;&gt;</a>&nbsp;&nbsp;&nbsp;DRAW_28
<LI><a href="#[86]">&gt;&gt;</a>&nbsp;&nbsp;&nbsp;DRAW_27
<LI><a href="#[85]">&gt;&gt;</a>&nbsp;&nbsp;&nbsp;DRAW_26
<LI><a href="#[84]">&gt;&gt;</a>&nbsp;&nbsp;&nbsp;DRAW_25
<LI><a href="#[83]">&gt;&gt;</a>&nbsp;&nbsp;&nbsp;DRAW_24
<LI><a href="#[82]">&gt;&gt;</a>&nbsp;&nbsp;&nbsp;DRAW_23
<LI><a href="#[81]">&gt;&gt;</a>&nbsp;&nbsp;&nbsp;DRAW_22
<LI><a href="#[80]">&gt;&gt;</a>&nbsp;&nbsp;&nbsp;DRAW_21
<LI><a href="#[7f]">&gt;&gt;</a>&nbsp;&nbsp;&nbsp;DRAW_20
<LI><a href="#[62]">&gt;&gt;</a>&nbsp;&nbsp;&nbsp;DRAW_RIGHT_NINE
</UL>

<P><STRONG><a name="[64]"></a>DRAW_RIGHT_TWO</STRONG> (Thumb, 260 bytes, Stack size 0 bytes, pacmanintegration.o(MYCODE))
<BR><BR>[Calls]<UL><LI><a href="#[65]">&gt;&gt;</a>&nbsp;&nbsp;&nbsp;DRAW_LEFT_THREE
<LI><a href="#[3e]">&gt;&gt;</a>&nbsp;&nbsp;&nbsp;DRAW_RECTANGLE_FILLED
</UL>
<BR>[Called By]<UL><LI><a href="#[81]">&gt;&gt;</a>&nbsp;&nbsp;&nbsp;DRAW_22
<LI><a href="#[77]">&gt;&gt;</a>&nbsp;&nbsp;&nbsp;DRAW_12
<LI><a href="#[6d]">&gt;&gt;</a>&nbsp;&nbsp;&nbsp;DRAW_02
<LI><a href="#[63]">&gt;&gt;</a>&nbsp;&nbsp;&nbsp;DRAW_LEFT_TWO
</UL>

<P><STRONG><a name="[65]"></a>DRAW_LEFT_THREE</STRONG> (Thumb, 260 bytes, Stack size 0 bytes, pacmanintegration.o(MYCODE))
<BR><BR>[Calls]<UL><LI><a href="#[66]">&gt;&gt;</a>&nbsp;&nbsp;&nbsp;DRAW_RIGHT_THREE
<LI><a href="#[3e]">&gt;&gt;</a>&nbsp;&nbsp;&nbsp;DRAW_RECTANGLE_FILLED
</UL>
<BR>[Called By]<UL><LI><a href="#[89]">&gt;&gt;</a>&nbsp;&nbsp;&nbsp;DRAW_30
<LI><a href="#[64]">&gt;&gt;</a>&nbsp;&nbsp;&nbsp;DRAW_RIGHT_TWO
</UL>

<P><STRONG><a name="[66]"></a>DRAW_RIGHT_THREE</STRONG> (Thumb, 260 bytes, Stack size 0 bytes, pacmanintegration.o(MYCODE))
<BR><BR>[Calls]<UL><LI><a href="#[67]">&gt;&gt;</a>&nbsp;&nbsp;&nbsp;DRAW_RIGHT_FIVE
<LI><a href="#[3e]">&gt;&gt;</a>&nbsp;&nbsp;&nbsp;DRAW_RECTANGLE_FILLED
</UL>
<BR>[Called By]<UL><LI><a href="#[82]">&gt;&gt;</a>&nbsp;&nbsp;&nbsp;DRAW_23
<LI><a href="#[78]">&gt;&gt;</a>&nbsp;&nbsp;&nbsp;DRAW_13
<LI><a href="#[6e]">&gt;&gt;</a>&nbsp;&nbsp;&nbsp;DRAW_03
<LI><a href="#[65]">&gt;&gt;</a>&nbsp;&nbsp;&nbsp;DRAW_LEFT_THREE
</UL>

<P><STRONG><a name="[67]"></a>DRAW_RIGHT_FIVE</STRONG> (Thumb, 260 bytes, Stack size 0 bytes, pacmanintegration.o(MYCODE))
<BR><BR>[Calls]<UL><LI><a href="#[68]">&gt;&gt;</a>&nbsp;&nbsp;&nbsp;DRAW_RIGHT_SIX
<LI><a href="#[3e]">&gt;&gt;</a>&nbsp;&nbsp;&nbsp;DRAW_RECTANGLE_FILLED
</UL>
<BR>[Called By]<UL><LI><a href="#[84]">&gt;&gt;</a>&nbsp;&nbsp;&nbsp;DRAW_25
<LI><a href="#[7a]">&gt;&gt;</a>&nbsp;&nbsp;&nbsp;DRAW_15
<LI><a href="#[70]">&gt;&gt;</a>&nbsp;&nbsp;&nbsp;DRAW_05
<LI><a href="#[66]">&gt;&gt;</a>&nbsp;&nbsp;&nbsp;DRAW_RIGHT_THREE
</UL>

<P><STRONG><a name="[68]"></a>DRAW_RIGHT_SIX</STRONG> (Thumb, 260 bytes, Stack size 0 bytes, pacmanintegration.o(MYCODE))
<BR><BR>[Calls]<UL><LI><a href="#[69]">&gt;&gt;</a>&nbsp;&nbsp;&nbsp;DRAW_RIGHT_FOUR
<LI><a href="#[3e]">&gt;&gt;</a>&nbsp;&nbsp;&nbsp;DRAW_RECTANGLE_FILLED
</UL>
<BR>[Called By]<UL><LI><a href="#[85]">&gt;&gt;</a>&nbsp;&nbsp;&nbsp;DRAW_26
<LI><a href="#[7b]">&gt;&gt;</a>&nbsp;&nbsp;&nbsp;DRAW_16
<LI><a href="#[71]">&gt;&gt;</a>&nbsp;&nbsp;&nbsp;DRAW_06
<LI><a href="#[67]">&gt;&gt;</a>&nbsp;&nbsp;&nbsp;DRAW_RIGHT_FIVE
</UL>

<P><STRONG><a name="[69]"></a>DRAW_RIGHT_FOUR</STRONG> (Thumb, 260 bytes, Stack size 0 bytes, pacmanintegration.o(MYCODE))
<BR><BR>[Calls]<UL><LI><a href="#[6a]">&gt;&gt;</a>&nbsp;&nbsp;&nbsp;DRAW_RIGHT_SEVEN
<LI><a href="#[3e]">&gt;&gt;</a>&nbsp;&nbsp;&nbsp;DRAW_RECTANGLE_FILLED
</UL>
<BR>[Called By]<UL><LI><a href="#[83]">&gt;&gt;</a>&nbsp;&nbsp;&nbsp;DRAW_24
<LI><a href="#[79]">&gt;&gt;</a>&nbsp;&nbsp;&nbsp;DRAW_14
<LI><a href="#[6f]">&gt;&gt;</a>&nbsp;&nbsp;&nbsp;DRAW_04
<LI><a href="#[68]">&gt;&gt;</a>&nbsp;&nbsp;&nbsp;DRAW_RIGHT_SIX
</UL>

<P><STRONG><a name="[6a]"></a>DRAW_RIGHT_SEVEN</STRONG> (Thumb, 224 bytes, Stack size 0 bytes, pacmanintegration.o(MYCODE))
<BR><BR>[Calls]<UL><LI><a href="#[6b]">&gt;&gt;</a>&nbsp;&nbsp;&nbsp;DRAW_00
<LI><a href="#[3e]">&gt;&gt;</a>&nbsp;&nbsp;&nbsp;DRAW_RECTANGLE_FILLED
</UL>
<BR>[Called By]<UL><LI><a href="#[86]">&gt;&gt;</a>&nbsp;&nbsp;&nbsp;DRAW_27
<LI><a href="#[7c]">&gt;&gt;</a>&nbsp;&nbsp;&nbsp;DRAW_17
<LI><a href="#[72]">&gt;&gt;</a>&nbsp;&nbsp;&nbsp;DRAW_07
<LI><a href="#[69]">&gt;&gt;</a>&nbsp;&nbsp;&nbsp;DRAW_RIGHT_FOUR
</UL>

<P><STRONG><a name="[6b]"></a>DRAW_00</STRONG> (Thumb, 24 bytes, Stack size 0 bytes, pacmanintegration.o(MYCODE))
<BR><BR>[Calls]<UL><LI><a href="#[5e]">&gt;&gt;</a>&nbsp;&nbsp;&nbsp;DRAW_RIGHT_ZERO
<LI><a href="#[5d]">&gt;&gt;</a>&nbsp;&nbsp;&nbsp;DRAW_LEFT_ZERO
<LI><a href="#[5a]">&gt;&gt;</a>&nbsp;&nbsp;&nbsp;DRAW_TIMEOUT
<LI><a href="#[42]">&gt;&gt;</a>&nbsp;&nbsp;&nbsp;delay_10_milli_second
</UL>
<BR>[Called By]<UL><LI><a href="#[6a]">&gt;&gt;</a>&nbsp;&nbsp;&nbsp;DRAW_RIGHT_SEVEN
<LI><a href="#[5c]">&gt;&gt;</a>&nbsp;&nbsp;&nbsp;DRAW_TIME
</UL>

<P><STRONG><a name="[6c]"></a>DRAW_01</STRONG> (Thumb, 16 bytes, Stack size 0 bytes, pacmanintegration.o(MYCODE))
<BR><BR>[Calls]<UL><LI><a href="#[60]">&gt;&gt;</a>&nbsp;&nbsp;&nbsp;DRAW_RIGHT_ONE
<LI><a href="#[5d]">&gt;&gt;</a>&nbsp;&nbsp;&nbsp;DRAW_LEFT_ZERO
</UL>
<BR>[Called By]<UL><LI><a href="#[5c]">&gt;&gt;</a>&nbsp;&nbsp;&nbsp;DRAW_TIME
</UL>

<P><STRONG><a name="[6d]"></a>DRAW_02</STRONG> (Thumb, 16 bytes, Stack size 0 bytes, pacmanintegration.o(MYCODE))
<BR><BR>[Calls]<UL><LI><a href="#[64]">&gt;&gt;</a>&nbsp;&nbsp;&nbsp;DRAW_RIGHT_TWO
<LI><a href="#[5d]">&gt;&gt;</a>&nbsp;&nbsp;&nbsp;DRAW_LEFT_ZERO
</UL>
<BR>[Called By]<UL><LI><a href="#[5c]">&gt;&gt;</a>&nbsp;&nbsp;&nbsp;DRAW_TIME
</UL>

<P><STRONG><a name="[6e]"></a>DRAW_03</STRONG> (Thumb, 16 bytes, Stack size 0 bytes, pacmanintegration.o(MYCODE))
<BR><BR>[Calls]<UL><LI><a href="#[66]">&gt;&gt;</a>&nbsp;&nbsp;&nbsp;DRAW_RIGHT_THREE
<LI><a href="#[5d]">&gt;&gt;</a>&nbsp;&nbsp;&nbsp;DRAW_LEFT_ZERO
</UL>
<BR>[Called By]<UL><LI><a href="#[5c]">&gt;&gt;</a>&nbsp;&nbsp;&nbsp;DRAW_TIME
</UL>

<P><STRONG><a name="[6f]"></a>DRAW_04</STRONG> (Thumb, 16 bytes, Stack size 0 bytes, pacmanintegration.o(MYCODE))
<BR><BR>[Calls]<UL><LI><a href="#[70]">&gt;&gt;</a>&nbsp;&nbsp;&nbsp;DRAW_05
<LI><a href="#[69]">&gt;&gt;</a>&nbsp;&nbsp;&nbsp;DRAW_RIGHT_FOUR
<LI><a href="#[5d]">&gt;&gt;</a>&nbsp;&nbsp;&nbsp;DRAW_LEFT_ZERO
</UL>
<BR>[Called By]<UL><LI><a href="#[5c]">&gt;&gt;</a>&nbsp;&nbsp;&nbsp;DRAW_TIME
</UL>

<P><STRONG><a name="[70]"></a>DRAW_05</STRONG> (Thumb, 16 bytes, Stack size 0 bytes, pacmanintegration.o(MYCODE))
<BR><BR>[Calls]<UL><LI><a href="#[67]">&gt;&gt;</a>&nbsp;&nbsp;&nbsp;DRAW_RIGHT_FIVE
<LI><a href="#[5d]">&gt;&gt;</a>&nbsp;&nbsp;&nbsp;DRAW_LEFT_ZERO
</UL>
<BR>[Called By]<UL><LI><a href="#[6f]">&gt;&gt;</a>&nbsp;&nbsp;&nbsp;DRAW_04
<LI><a href="#[5c]">&gt;&gt;</a>&nbsp;&nbsp;&nbsp;DRAW_TIME
</UL>

<P><STRONG><a name="[71]"></a>DRAW_06</STRONG> (Thumb, 16 bytes, Stack size 0 bytes, pacmanintegration.o(MYCODE))
<BR><BR>[Calls]<UL><LI><a href="#[68]">&gt;&gt;</a>&nbsp;&nbsp;&nbsp;DRAW_RIGHT_SIX
<LI><a href="#[5d]">&gt;&gt;</a>&nbsp;&nbsp;&nbsp;DRAW_LEFT_ZERO
</UL>
<BR>[Called By]<UL><LI><a href="#[5c]">&gt;&gt;</a>&nbsp;&nbsp;&nbsp;DRAW_TIME
</UL>

<P><STRONG><a name="[72]"></a>DRAW_07</STRONG> (Thumb, 16 bytes, Stack size 0 bytes, pacmanintegration.o(MYCODE))
<BR><BR>[Calls]<UL><LI><a href="#[6a]">&gt;&gt;</a>&nbsp;&nbsp;&nbsp;DRAW_RIGHT_SEVEN
<LI><a href="#[5d]">&gt;&gt;</a>&nbsp;&nbsp;&nbsp;DRAW_LEFT_ZERO
</UL>
<BR>[Called By]<UL><LI><a href="#[5c]">&gt;&gt;</a>&nbsp;&nbsp;&nbsp;DRAW_TIME
</UL>

<P><STRONG><a name="[73]"></a>DRAW_08</STRONG> (Thumb, 16 bytes, Stack size 0 bytes, pacmanintegration.o(MYCODE))
<BR><BR>[Calls]<UL><LI><a href="#[74]">&gt;&gt;</a>&nbsp;&nbsp;&nbsp;DRAW_09
<LI><a href="#[61]">&gt;&gt;</a>&nbsp;&nbsp;&nbsp;DRAW_RIGHT_EIGHT
<LI><a href="#[5d]">&gt;&gt;</a>&nbsp;&nbsp;&nbsp;DRAW_LEFT_ZERO
</UL>
<BR>[Called By]<UL><LI><a href="#[5c]">&gt;&gt;</a>&nbsp;&nbsp;&nbsp;DRAW_TIME
</UL>

<P><STRONG><a name="[74]"></a>DRAW_09</STRONG> (Thumb, 16 bytes, Stack size 0 bytes, pacmanintegration.o(MYCODE))
<BR><BR>[Calls]<UL><LI><a href="#[62]">&gt;&gt;</a>&nbsp;&nbsp;&nbsp;DRAW_RIGHT_NINE
<LI><a href="#[5d]">&gt;&gt;</a>&nbsp;&nbsp;&nbsp;DRAW_LEFT_ZERO
</UL>
<BR>[Called By]<UL><LI><a href="#[73]">&gt;&gt;</a>&nbsp;&nbsp;&nbsp;DRAW_08
<LI><a href="#[5c]">&gt;&gt;</a>&nbsp;&nbsp;&nbsp;DRAW_TIME
</UL>

<P><STRONG><a name="[75]"></a>DRAW_10</STRONG> (Thumb, 16 bytes, Stack size 0 bytes, pacmanintegration.o(MYCODE))
<BR><BR>[Calls]<UL><LI><a href="#[5f]">&gt;&gt;</a>&nbsp;&nbsp;&nbsp;DRAW_LEFT_ONE
<LI><a href="#[5e]">&gt;&gt;</a>&nbsp;&nbsp;&nbsp;DRAW_RIGHT_ZERO
</UL>
<BR>[Called By]<UL><LI><a href="#[5c]">&gt;&gt;</a>&nbsp;&nbsp;&nbsp;DRAW_TIME
</UL>

<P><STRONG><a name="[76]"></a>DRAW_11</STRONG> (Thumb, 16 bytes, Stack size 0 bytes, pacmanintegration.o(MYCODE))
<BR><BR>[Calls]<UL><LI><a href="#[77]">&gt;&gt;</a>&nbsp;&nbsp;&nbsp;DRAW_12
<LI><a href="#[60]">&gt;&gt;</a>&nbsp;&nbsp;&nbsp;DRAW_RIGHT_ONE
<LI><a href="#[5f]">&gt;&gt;</a>&nbsp;&nbsp;&nbsp;DRAW_LEFT_ONE
</UL>
<BR>[Called By]<UL><LI><a href="#[5c]">&gt;&gt;</a>&nbsp;&nbsp;&nbsp;DRAW_TIME
</UL>

<P><STRONG><a name="[77]"></a>DRAW_12</STRONG> (Thumb, 16 bytes, Stack size 0 bytes, pacmanintegration.o(MYCODE))
<BR><BR>[Calls]<UL><LI><a href="#[64]">&gt;&gt;</a>&nbsp;&nbsp;&nbsp;DRAW_RIGHT_TWO
<LI><a href="#[5f]">&gt;&gt;</a>&nbsp;&nbsp;&nbsp;DRAW_LEFT_ONE
</UL>
<BR>[Called By]<UL><LI><a href="#[76]">&gt;&gt;</a>&nbsp;&nbsp;&nbsp;DRAW_11
<LI><a href="#[5c]">&gt;&gt;</a>&nbsp;&nbsp;&nbsp;DRAW_TIME
</UL>

<P><STRONG><a name="[78]"></a>DRAW_13</STRONG> (Thumb, 16 bytes, Stack size 0 bytes, pacmanintegration.o(MYCODE))
<BR><BR>[Calls]<UL><LI><a href="#[66]">&gt;&gt;</a>&nbsp;&nbsp;&nbsp;DRAW_RIGHT_THREE
<LI><a href="#[5f]">&gt;&gt;</a>&nbsp;&nbsp;&nbsp;DRAW_LEFT_ONE
</UL>
<BR>[Called By]<UL><LI><a href="#[5c]">&gt;&gt;</a>&nbsp;&nbsp;&nbsp;DRAW_TIME
</UL>

<P><STRONG><a name="[79]"></a>DRAW_14</STRONG> (Thumb, 16 bytes, Stack size 0 bytes, pacmanintegration.o(MYCODE))
<BR><BR>[Calls]<UL><LI><a href="#[69]">&gt;&gt;</a>&nbsp;&nbsp;&nbsp;DRAW_RIGHT_FOUR
<LI><a href="#[5f]">&gt;&gt;</a>&nbsp;&nbsp;&nbsp;DRAW_LEFT_ONE
</UL>
<BR>[Called By]<UL><LI><a href="#[5c]">&gt;&gt;</a>&nbsp;&nbsp;&nbsp;DRAW_TIME
</UL>

<P><STRONG><a name="[7a]"></a>DRAW_15</STRONG> (Thumb, 16 bytes, Stack size 0 bytes, pacmanintegration.o(MYCODE))
<BR><BR>[Calls]<UL><LI><a href="#[67]">&gt;&gt;</a>&nbsp;&nbsp;&nbsp;DRAW_RIGHT_FIVE
<LI><a href="#[5f]">&gt;&gt;</a>&nbsp;&nbsp;&nbsp;DRAW_LEFT_ONE
</UL>
<BR>[Called By]<UL><LI><a href="#[5c]">&gt;&gt;</a>&nbsp;&nbsp;&nbsp;DRAW_TIME
</UL>

<P><STRONG><a name="[7b]"></a>DRAW_16</STRONG> (Thumb, 16 bytes, Stack size 0 bytes, pacmanintegration.o(MYCODE))
<BR><BR>[Calls]<UL><LI><a href="#[68]">&gt;&gt;</a>&nbsp;&nbsp;&nbsp;DRAW_RIGHT_SIX
<LI><a href="#[5f]">&gt;&gt;</a>&nbsp;&nbsp;&nbsp;DRAW_LEFT_ONE
</UL>
<BR>[Called By]<UL><LI><a href="#[5c]">&gt;&gt;</a>&nbsp;&nbsp;&nbsp;DRAW_TIME
</UL>

<P><STRONG><a name="[7c]"></a>DRAW_17</STRONG> (Thumb, 16 bytes, Stack size 0 bytes, pacmanintegration.o(MYCODE))
<BR><BR>[Calls]<UL><LI><a href="#[7d]">&gt;&gt;</a>&nbsp;&nbsp;&nbsp;DRAW_18
<LI><a href="#[6a]">&gt;&gt;</a>&nbsp;&nbsp;&nbsp;DRAW_RIGHT_SEVEN
<LI><a href="#[5f]">&gt;&gt;</a>&nbsp;&nbsp;&nbsp;DRAW_LEFT_ONE
</UL>
<BR>[Called By]<UL><LI><a href="#[5c]">&gt;&gt;</a>&nbsp;&nbsp;&nbsp;DRAW_TIME
</UL>

<P><STRONG><a name="[7d]"></a>DRAW_18</STRONG> (Thumb, 16 bytes, Stack size 0 bytes, pacmanintegration.o(MYCODE))
<BR><BR>[Calls]<UL><LI><a href="#[61]">&gt;&gt;</a>&nbsp;&nbsp;&nbsp;DRAW_RIGHT_EIGHT
<LI><a href="#[5f]">&gt;&gt;</a>&nbsp;&nbsp;&nbsp;DRAW_LEFT_ONE
</UL>
<BR>[Called By]<UL><LI><a href="#[7c]">&gt;&gt;</a>&nbsp;&nbsp;&nbsp;DRAW_17
<LI><a href="#[5c]">&gt;&gt;</a>&nbsp;&nbsp;&nbsp;DRAW_TIME
</UL>

<P><STRONG><a name="[7e]"></a>DRAW_19</STRONG> (Thumb, 16 bytes, Stack size 0 bytes, pacmanintegration.o(MYCODE))
<BR><BR>[Calls]<UL><LI><a href="#[7f]">&gt;&gt;</a>&nbsp;&nbsp;&nbsp;DRAW_20
<LI><a href="#[62]">&gt;&gt;</a>&nbsp;&nbsp;&nbsp;DRAW_RIGHT_NINE
<LI><a href="#[5f]">&gt;&gt;</a>&nbsp;&nbsp;&nbsp;DRAW_LEFT_ONE
</UL>
<BR>[Called By]<UL><LI><a href="#[5c]">&gt;&gt;</a>&nbsp;&nbsp;&nbsp;DRAW_TIME
</UL>

<P><STRONG><a name="[7f]"></a>DRAW_20</STRONG> (Thumb, 16 bytes, Stack size 0 bytes, pacmanintegration.o(MYCODE))
<BR><BR>[Calls]<UL><LI><a href="#[63]">&gt;&gt;</a>&nbsp;&nbsp;&nbsp;DRAW_LEFT_TWO
<LI><a href="#[5e]">&gt;&gt;</a>&nbsp;&nbsp;&nbsp;DRAW_RIGHT_ZERO
</UL>
<BR>[Called By]<UL><LI><a href="#[7e]">&gt;&gt;</a>&nbsp;&nbsp;&nbsp;DRAW_19
<LI><a href="#[5c]">&gt;&gt;</a>&nbsp;&nbsp;&nbsp;DRAW_TIME
</UL>

<P><STRONG><a name="[80]"></a>DRAW_21</STRONG> (Thumb, 16 bytes, Stack size 0 bytes, pacmanintegration.o(MYCODE))
<BR><BR>[Calls]<UL><LI><a href="#[63]">&gt;&gt;</a>&nbsp;&nbsp;&nbsp;DRAW_LEFT_TWO
<LI><a href="#[60]">&gt;&gt;</a>&nbsp;&nbsp;&nbsp;DRAW_RIGHT_ONE
</UL>
<BR>[Called By]<UL><LI><a href="#[5c]">&gt;&gt;</a>&nbsp;&nbsp;&nbsp;DRAW_TIME
</UL>

<P><STRONG><a name="[81]"></a>DRAW_22</STRONG> (Thumb, 16 bytes, Stack size 0 bytes, pacmanintegration.o(MYCODE))
<BR><BR>[Calls]<UL><LI><a href="#[64]">&gt;&gt;</a>&nbsp;&nbsp;&nbsp;DRAW_RIGHT_TWO
<LI><a href="#[63]">&gt;&gt;</a>&nbsp;&nbsp;&nbsp;DRAW_LEFT_TWO
</UL>
<BR>[Called By]<UL><LI><a href="#[5c]">&gt;&gt;</a>&nbsp;&nbsp;&nbsp;DRAW_TIME
</UL>

<P><STRONG><a name="[82]"></a>DRAW_23</STRONG> (Thumb, 16 bytes, Stack size 0 bytes, pacmanintegration.o(MYCODE))
<BR><BR>[Calls]<UL><LI><a href="#[66]">&gt;&gt;</a>&nbsp;&nbsp;&nbsp;DRAW_RIGHT_THREE
<LI><a href="#[63]">&gt;&gt;</a>&nbsp;&nbsp;&nbsp;DRAW_LEFT_TWO
</UL>
<BR>[Called By]<UL><LI><a href="#[5c]">&gt;&gt;</a>&nbsp;&nbsp;&nbsp;DRAW_TIME
</UL>

<P><STRONG><a name="[83]"></a>DRAW_24</STRONG> (Thumb, 16 bytes, Stack size 0 bytes, pacmanintegration.o(MYCODE))
<BR><BR>[Calls]<UL><LI><a href="#[69]">&gt;&gt;</a>&nbsp;&nbsp;&nbsp;DRAW_RIGHT_FOUR
<LI><a href="#[63]">&gt;&gt;</a>&nbsp;&nbsp;&nbsp;DRAW_LEFT_TWO
</UL>
<BR>[Called By]<UL><LI><a href="#[5c]">&gt;&gt;</a>&nbsp;&nbsp;&nbsp;DRAW_TIME
</UL>

<P><STRONG><a name="[84]"></a>DRAW_25</STRONG> (Thumb, 16 bytes, Stack size 0 bytes, pacmanintegration.o(MYCODE))
<BR><BR>[Calls]<UL><LI><a href="#[67]">&gt;&gt;</a>&nbsp;&nbsp;&nbsp;DRAW_RIGHT_FIVE
<LI><a href="#[63]">&gt;&gt;</a>&nbsp;&nbsp;&nbsp;DRAW_LEFT_TWO
</UL>
<BR>[Called By]<UL><LI><a href="#[5c]">&gt;&gt;</a>&nbsp;&nbsp;&nbsp;DRAW_TIME
</UL>

<P><STRONG><a name="[85]"></a>DRAW_26</STRONG> (Thumb, 16 bytes, Stack size 0 bytes, pacmanintegration.o(MYCODE))
<BR><BR>[Calls]<UL><LI><a href="#[86]">&gt;&gt;</a>&nbsp;&nbsp;&nbsp;DRAW_27
<LI><a href="#[68]">&gt;&gt;</a>&nbsp;&nbsp;&nbsp;DRAW_RIGHT_SIX
<LI><a href="#[63]">&gt;&gt;</a>&nbsp;&nbsp;&nbsp;DRAW_LEFT_TWO
</UL>
<BR>[Called By]<UL><LI><a href="#[5c]">&gt;&gt;</a>&nbsp;&nbsp;&nbsp;DRAW_TIME
</UL>

<P><STRONG><a name="[86]"></a>DRAW_27</STRONG> (Thumb, 16 bytes, Stack size 0 bytes, pacmanintegration.o(MYCODE))
<BR><BR>[Calls]<UL><LI><a href="#[6a]">&gt;&gt;</a>&nbsp;&nbsp;&nbsp;DRAW_RIGHT_SEVEN
<LI><a href="#[63]">&gt;&gt;</a>&nbsp;&nbsp;&nbsp;DRAW_LEFT_TWO
</UL>
<BR>[Called By]<UL><LI><a href="#[85]">&gt;&gt;</a>&nbsp;&nbsp;&nbsp;DRAW_26
<LI><a href="#[5c]">&gt;&gt;</a>&nbsp;&nbsp;&nbsp;DRAW_TIME
</UL>

<P><STRONG><a name="[87]"></a>DRAW_28</STRONG> (Thumb, 16 bytes, Stack size 0 bytes, pacmanintegration.o(MYCODE))
<BR><BR>[Calls]<UL><LI><a href="#[63]">&gt;&gt;</a>&nbsp;&nbsp;&nbsp;DRAW_LEFT_TWO
<LI><a href="#[61]">&gt;&gt;</a>&nbsp;&nbsp;&nbsp;DRAW_RIGHT_EIGHT
</UL>
<BR>[Called By]<UL><LI><a href="#[5c]">&gt;&gt;</a>&nbsp;&nbsp;&nbsp;DRAW_TIME
</UL>

<P><STRONG><a name="[88]"></a>DRAW_29</STRONG> (Thumb, 16 bytes, Stack size 0 bytes, pacmanintegration.o(MYCODE))
<BR><BR>[Calls]<UL><LI><a href="#[63]">&gt;&gt;</a>&nbsp;&nbsp;&nbsp;DRAW_LEFT_TWO
<LI><a href="#[62]">&gt;&gt;</a>&nbsp;&nbsp;&nbsp;DRAW_RIGHT_NINE
</UL>
<BR>[Called By]<UL><LI><a href="#[5c]">&gt;&gt;</a>&nbsp;&nbsp;&nbsp;DRAW_TIME
</UL>

<P><STRONG><a name="[89]"></a>DRAW_30</STRONG> (Thumb, 16 bytes, Stack size 0 bytes, pacmanintegration.o(MYCODE))
<BR><BR>[Calls]<UL><LI><a href="#[8a]">&gt;&gt;</a>&nbsp;&nbsp;&nbsp;DRAW_LOSE
<LI><a href="#[65]">&gt;&gt;</a>&nbsp;&nbsp;&nbsp;DRAW_LEFT_THREE
<LI><a href="#[5e]">&gt;&gt;</a>&nbsp;&nbsp;&nbsp;DRAW_RIGHT_ZERO
</UL>
<BR>[Called By]<UL><LI><a href="#[5c]">&gt;&gt;</a>&nbsp;&nbsp;&nbsp;DRAW_TIME
</UL>

<P><STRONG><a name="[8a]"></a>DRAW_LOSE</STRONG> (Thumb, 352 bytes, Stack size 0 bytes, pacmanintegration.o(MYCODE))
<BR><BR>[Calls]<UL><LI><a href="#[40]">&gt;&gt;</a>&nbsp;&nbsp;&nbsp;delay_1_second
<LI><a href="#[3e]">&gt;&gt;</a>&nbsp;&nbsp;&nbsp;DRAW_RECTANGLE_FILLED
</UL>
<BR>[Called By]<UL><LI><a href="#[89]">&gt;&gt;</a>&nbsp;&nbsp;&nbsp;DRAW_30
<LI><a href="#[48]">&gt;&gt;</a>&nbsp;&nbsp;&nbsp;MOVE_GHOST1_RIGHT
</UL>

<P><STRONG><a name="[8b]"></a>LOSE2</STRONG> (Thumb, 16 bytes, Stack size 0 bytes, pacmanintegration.o(MYCODE))
<BR><BR>[Calls]<UL><LI><a href="#[8c]">&gt;&gt;</a>&nbsp;&nbsp;&nbsp;VERLine1
<LI><a href="#[40]">&gt;&gt;</a>&nbsp;&nbsp;&nbsp;delay_1_second
</UL>
<BR>[Called By]<UL><LI><a href="#[5a]">&gt;&gt;</a>&nbsp;&nbsp;&nbsp;DRAW_TIMEOUT
</UL>

<P><STRONG><a name="[8c]"></a>VERLine1</STRONG> (Thumb, 24 bytes, Stack size 0 bytes, pacmanintegration.o(MYCODE))
<BR><BR>[Calls]<UL><LI><a href="#[3e]">&gt;&gt;</a>&nbsp;&nbsp;&nbsp;DRAW_RECTANGLE_FILLED
</UL>
<BR>[Called By]<UL><LI><a href="#[8b]">&gt;&gt;</a>&nbsp;&nbsp;&nbsp;LOSE2
<LI><a href="#[43]">&gt;&gt;</a>&nbsp;&nbsp;&nbsp;DRAW_Hidden_Key
</UL>

<P><STRONG><a name="[8d]"></a>GHOST_COLLISION</STRONG> (Thumb, 130 bytes, Stack size 0 bytes, pacmanintegration.o(MYCODE))
<BR><BR>[Called By]<UL><LI><a href="#[37]">&gt;&gt;</a>&nbsp;&nbsp;&nbsp;EXECUTEPACMAN
</UL>

<P><STRONG><a name="[8e]"></a>WALL_COLLISION_DOWN</STRONG> (Thumb, 84 bytes, Stack size 0 bytes, pacmanintegration.o(MYCODE))
<BR><BR>[Called By]<UL><LI><a href="#[57]">&gt;&gt;</a>&nbsp;&nbsp;&nbsp;MOVE_PRISONER_DOWN
</UL>

<P><STRONG><a name="[8f]"></a>WALL_COLLISION_UP</STRONG> (Thumb, 84 bytes, Stack size 0 bytes, pacmanintegration.o(MYCODE))
<BR><BR>[Called By]<UL><LI><a href="#[58]">&gt;&gt;</a>&nbsp;&nbsp;&nbsp;MOVE_PRISONER_UP
</UL>

<P><STRONG><a name="[90]"></a>WALL_COLLISION_RIGHT</STRONG> (Thumb, 82 bytes, Stack size 0 bytes, pacmanintegration.o(MYCODE))
<BR><BR>[Called By]<UL><LI><a href="#[56]">&gt;&gt;</a>&nbsp;&nbsp;&nbsp;MOVE_PRISONER_RIGHT
<LI><a href="#[55]">&gt;&gt;</a>&nbsp;&nbsp;&nbsp;MOVE_PRISONER_LEFT
</UL>

<P><STRONG><a name="[91]"></a>MAIN_MENU</STRONG> (Thumb, 150 bytes, Stack size 0 bytes, pacmanintegration.o(MYCODE))
<BR><BR>[Calls]<UL><LI><a href="#[95]">&gt;&gt;</a>&nbsp;&nbsp;&nbsp;EXECUTEFROGGER
<LI><a href="#[94]">&gt;&gt;</a>&nbsp;&nbsp;&nbsp;Draw_Bunny
<LI><a href="#[93]">&gt;&gt;</a>&nbsp;&nbsp;&nbsp;DRAW_winner_PACMAN
<LI><a href="#[92]">&gt;&gt;</a>&nbsp;&nbsp;&nbsp;Draw_Arrow2
<LI><a href="#[91]">&gt;&gt;</a>&nbsp;&nbsp;&nbsp;MAIN_MENU
<LI><a href="#[40]">&gt;&gt;</a>&nbsp;&nbsp;&nbsp;delay_1_second
<LI><a href="#[3e]">&gt;&gt;</a>&nbsp;&nbsp;&nbsp;DRAW_RECTANGLE_FILLED
<LI><a href="#[37]">&gt;&gt;</a>&nbsp;&nbsp;&nbsp;EXECUTEPACMAN
</UL>
<BR>[Called By]<UL><LI><a href="#[36]">&gt;&gt;</a>&nbsp;&nbsp;&nbsp;__main
<LI><a href="#[91]">&gt;&gt;</a>&nbsp;&nbsp;&nbsp;MAIN_MENU
</UL>

<P><STRONG><a name="[92]"></a>Draw_Arrow2</STRONG> (Thumb, 110 bytes, Stack size 0 bytes, pacmanintegration.o(MYCODE))
<BR><BR>[Calls]<UL><LI><a href="#[93]">&gt;&gt;</a>&nbsp;&nbsp;&nbsp;DRAW_winner_PACMAN
<LI><a href="#[3e]">&gt;&gt;</a>&nbsp;&nbsp;&nbsp;DRAW_RECTANGLE_FILLED
</UL>
<BR>[Called By]<UL><LI><a href="#[91]">&gt;&gt;</a>&nbsp;&nbsp;&nbsp;MAIN_MENU
</UL>

<P><STRONG><a name="[93]"></a>DRAW_winner_PACMAN</STRONG> (Thumb, 200 bytes, Stack size 0 bytes, pacmanintegration.o(MYCODE))
<BR><BR>[Calls]<UL><LI><a href="#[3e]">&gt;&gt;</a>&nbsp;&nbsp;&nbsp;DRAW_RECTANGLE_FILLED
</UL>
<BR>[Called By]<UL><LI><a href="#[92]">&gt;&gt;</a>&nbsp;&nbsp;&nbsp;Draw_Arrow2
<LI><a href="#[91]">&gt;&gt;</a>&nbsp;&nbsp;&nbsp;MAIN_MENU
</UL>

<P><STRONG><a name="[94]"></a>Draw_Bunny</STRONG> (Thumb, 10298 bytes, Stack size 0 bytes, pacmanintegration.o(MYCODE))
<BR><BR>[Calls]<UL><LI><a href="#[3d]">&gt;&gt;</a>&nbsp;&nbsp;&nbsp;DRAWPIXEL
</UL>
<BR>[Called By]<UL><LI><a href="#[b3]">&gt;&gt;</a>&nbsp;&nbsp;&nbsp;MOVE_BUNNY_RIGHT_LEVEL2
<LI><a href="#[b2]">&gt;&gt;</a>&nbsp;&nbsp;&nbsp;MOVE_BUNNY_RIGHT
<LI><a href="#[b1]">&gt;&gt;</a>&nbsp;&nbsp;&nbsp;MOVE_BUNNY_LEFT_LEVEL2
<LI><a href="#[b0]">&gt;&gt;</a>&nbsp;&nbsp;&nbsp;MOVE_BUNNY_LEFT
<LI><a href="#[af]">&gt;&gt;</a>&nbsp;&nbsp;&nbsp;MOVE_BUNNY_UP_LEVEL2
<LI><a href="#[ae]">&gt;&gt;</a>&nbsp;&nbsp;&nbsp;MOVE_BUNNY_UP
<LI><a href="#[ad]">&gt;&gt;</a>&nbsp;&nbsp;&nbsp;MOVE_BUNNY_DOWN_LEVEL2
<LI><a href="#[ac]">&gt;&gt;</a>&nbsp;&nbsp;&nbsp;MOVE_BUNNY_DOWN
<LI><a href="#[a3]">&gt;&gt;</a>&nbsp;&nbsp;&nbsp;MOVE_BUNNY_IN_RIVER
<LI><a href="#[a2]">&gt;&gt;</a>&nbsp;&nbsp;&nbsp;MOVE_BUNNY_IN_RIVER_LEVEL2
[...]
<LI><a href="#[b8]">&gt;&gt;</a>&nbsp;&nbsp;&nbsp;DRAW_LANE5_MOVING
<LI><a href="#[3e]">&gt;&gt;</a>&nbsp;&nbsp;&nbsp;DRAW_RECTANGLE_FILLED
</UL>
<BR>[Called By]<UL><LI><a href="#[b3]">&gt;&gt;</a>&nbsp;&nbsp;&nbsp;MOVE_BUNNY_RIGHT_LEVEL2
<LI><a href="#[b1]">&gt;&gt;</a>&nbsp;&nbsp;&nbsp;MOVE_BUNNY_LEFT_LEVEL2
<LI><a href="#[af]">&gt;&gt;</a>&nbsp;&nbsp;&nbsp;MOVE_BUNNY_UP_LEVEL2
<LI><a href="#[a2]">&gt;&gt;</a>&nbsp;&nbsp;&nbsp;MOVE_BUNNY_IN_RIVER_LEVEL2
</UL>

<P><STRONG><a name="[9f]"></a>WIN2</STRONG> (Thumb, 8 bytes, Stack size 0 bytes, pacmanintegration.o(MYCODE))
<BR><BR>[Called By]<UL><LI><a href="#[b3]">&gt;&gt;</a>&nbsp;&nbsp;&nbsp;MOVE_BUNNY_RIGHT_LEVEL2
<LI><a href="#[b1]">&gt;&gt;</a>&nbsp;&nbsp;&nbsp;MOVE_BUNNY_LEFT_LEVEL2
<LI><a href="#[af]">&gt;&gt;</a>&nbsp;&nbsp;&nbsp;MOVE_BUNNY_UP_LEVEL2
<LI><a href="#[ad]">&gt;&gt;</a>&nbsp;&nbsp;&nbsp;MOVE_BUNNY_DOWN_LEVEL2
</UL>

<P><STRONG><a name="[a0]"></a>CHECK_INPUT_LEVEL2</STRONG> (Thumb, 148 bytes, Stack size 0 bytes, pacmanintegration.o(MYCODE))
<BR><BR>[Calls]<UL><LI><a href="#[b3]">&gt;&gt;</a>&nbsp;&nbsp;&nbsp;MOVE_BUNNY_RIGHT_LEVEL2
<LI><a href="#[b1]">&gt;&gt;</a>&nbsp;&nbsp;&nbsp;MOVE_BUNNY_LEFT_LEVEL2
<LI><a href="#[af]">&gt;&gt;</a>&nbsp;&nbsp;&nbsp;MOVE_BUNNY_UP_LEVEL2
<LI><a href="#[ad]">&gt;&gt;</a>&nbsp;&nbsp;&nbsp;MOVE_BUNNY_DOWN_LEVEL2
<LI><a href="#[94]">&gt;&gt;</a>&nbsp;&nbsp;&nbsp;Draw_Bunny
</UL>
<BR>[Called By]<UL><LI><a href="#[95]">&gt;&gt;</a>&nbsp;&nbsp;&nbsp;EXECUTEFROGGER
</UL>

<P><STRONG><a name="[a1]"></a>CHECK_INPUT</STRONG> (Thumb, 184 bytes, Stack size 0 bytes, pacmanintegration.o(MYCODE))
<BR><BR>[Calls]<UL><LI><a href="#[b2]">&gt;&gt;</a>&nbsp;&nbsp;&nbsp;MOVE_BUNNY_RIGHT
<LI><a href="#[b0]">&gt;&gt;</a>&nbsp;&nbsp;&nbsp;MOVE_BUNNY_LEFT
<LI><a href="#[ae]">&gt;&gt;</a>&nbsp;&nbsp;&nbsp;MOVE_BUNNY_UP
<LI><a href="#[ac]">&gt;&gt;</a>&nbsp;&nbsp;&nbsp;MOVE_BUNNY_DOWN
<LI><a href="#[94]">&gt;&gt;</a>&nbsp;&nbsp;&nbsp;Draw_Bunny
</UL>
<BR>[Called By]<UL><LI><a href="#[95]">&gt;&gt;</a>&nbsp;&nbsp;&nbsp;EXECUTEFROGGER
</UL>

<P><STRONG><a name="[a2]"></a>MOVE_BUNNY_IN_RIVER_LEVEL2</STRONG> (Thumb, 296 bytes, Stack size 0 bytes, pacmanintegration.o(MYCODE))
<BR><BR>[Calls]<UL><LI><a href="#[a5]">&gt;&gt;</a>&nbsp;&nbsp;&nbsp;DRAW_LOSE2
<LI><a href="#[9e]">&gt;&gt;</a>&nbsp;&nbsp;&nbsp;SEVENTHJUMP_LEVEL2
<LI><a href="#[9d]">&gt;&gt;</a>&nbsp;&nbsp;&nbsp;SIXTHJUMP_LEVEL2
<LI><a href="#[9c]">&gt;&gt;</a>&nbsp;&nbsp;&nbsp;FIFTHJUMP_LEVEL2
<LI><a href="#[9b]">&gt;&gt;</a>&nbsp;&nbsp;&nbsp;FOURTHJUMP_LEVEL2
<LI><a href="#[9a]">&gt;&gt;</a>&nbsp;&nbsp;&nbsp;THIRDJUMP_LEVEL2
<LI><a href="#[94]">&gt;&gt;</a>&nbsp;&nbsp;&nbsp;Draw_Bunny
<LI><a href="#[42]">&gt;&gt;</a>&nbsp;&nbsp;&nbsp;delay_10_milli_second
</UL>
<BR>[Called By]<UL><LI><a href="#[95]">&gt;&gt;</a>&nbsp;&nbsp;&nbsp;EXECUTEFROGGER
</UL>

<P><STRONG><a name="[a3]"></a>MOVE_BUNNY_IN_RIVER</STRONG> (Thumb, 236 bytes, Stack size 0 bytes, pacmanintegration.o(MYCODE))
<BR><BR>[Calls]<UL><LI><a href="#[aa]">&gt;&gt;</a>&nbsp;&nbsp;&nbsp;FOURTHJUMP
<LI><a href="#[a9]">&gt;&gt;</a>&nbsp;&nbsp;&nbsp;THIRDJUMP
<LI><a href="#[a8]">&gt;&gt;</a>&nbsp;&nbsp;&nbsp;SECONDJUMP
<LI><a href="#[a5]">&gt;&gt;</a>&nbsp;&nbsp;&nbsp;DRAW_LOSE2
<LI><a href="#[94]">&gt;&gt;</a>&nbsp;&nbsp;&nbsp;Draw_Bunny
<LI><a href="#[42]">&gt;&gt;</a>&nbsp;&nbsp;&nbsp;delay_10_milli_second
</UL>
<BR>[Called By]<UL><LI><a href="#[95]">&gt;&gt;</a>&nbsp;&nbsp;&nbsp;EXECUTEFROGGER
</UL>

<P><STRONG><a name="[a4]"></a>DRAW_WIN_ANIMATION2</STRONG> (Thumb, 228 bytes, Stack size 0 bytes, pacmanintegration.o(MYCODE))
<BR><BR>[Calls]<UL><LI><a href="#[3e]">&gt;&gt;</a>&nbsp;&nbsp;&nbsp;DRAW_RECTANGLE_FILLED
</UL>
<BR>[Called By]<UL><LI><a href="#[95]">&gt;&gt;</a>&nbsp;&nbsp;&nbsp;EXECUTEFROGGER
</UL>

<P><STRONG><a name="[a5]"></a>DRAW_LOSE2</STRONG> (Thumb, 354 bytes, Stack size 0 bytes, pacmanintegration.o(MYCODE))
<BR><BR>[Calls]<UL><LI><a href="#[41]">&gt;&gt;</a>&nbsp;&nbsp;&nbsp;delay_half_second
<LI><a href="#[3e]">&gt;&gt;</a>&nbsp;&nbsp;&nbsp;DRAW_RECTANGLE_FILLED
</UL>
<BR>[Called By]<UL><LI><a href="#[a3]">&gt;&gt;</a>&nbsp;&nbsp;&nbsp;MOVE_BUNNY_IN_RIVER
<LI><a href="#[a2]">&gt;&gt;</a>&nbsp;&nbsp;&nbsp;MOVE_BUNNY_IN_RIVER_LEVEL2
<LI><a href="#[95]">&gt;&gt;</a>&nbsp;&nbsp;&nbsp;EXECUTEFROGGER
</UL>

<P><STRONG><a name="[a6]"></a>ZEROJUMP</STRONG> (Thumb, 32 bytes, Stack size 0 bytes, pacmanintegration.o(MYCODE))
<BR><BR>[Calls]<UL><LI><a href="#[3e]">&gt;&gt;</a>&nbsp;&nbsp;&nbsp;DRAW_RECTANGLE_FILLED
</UL>
<BR>[Called By]<UL><LI><a href="#[b2]">&gt;&gt;</a>&nbsp;&nbsp;&nbsp;MOVE_BUNNY_RIGHT
<LI><a href="#[b0]">&gt;&gt;</a>&nbsp;&nbsp;&nbsp;MOVE_BUNNY_LEFT
<LI><a href="#[ae]">&gt;&gt;</a>&nbsp;&nbsp;&nbsp;MOVE_BUNNY_UP
<LI><a href="#[ac]">&gt;&gt;</a>&nbsp;&nbsp;&nbsp;MOVE_BUNNY_DOWN
</UL>

<P><STRONG><a name="[a7]"></a>FIRSTJUMP</STRONG> (Thumb, 64 bytes, Stack size 0 bytes, pacmanintegration.o(MYCODE))
<BR><BR>[Calls]<UL><LI><a href="#[b8]">&gt;&gt;</a>&nbsp;&nbsp;&nbsp;DRAW_LANE5_MOVING
<LI><a href="#[3e]">&gt;&gt;</a>&nbsp;&nbsp;&nbsp;DRAW_RECTANGLE_FILLED
</UL>
<BR>[Called By]<UL><LI><a href="#[b2]">&gt;&gt;</a>&nbsp;&nbsp;&nbsp;MOVE_BUNNY_RIGHT
<LI><a href="#[b0]">&gt;&gt;</a>&nbsp;&nbsp;&nbsp;MOVE_BUNNY_LEFT
<LI><a href="#[ae]">&gt;&gt;</a>&nbsp;&nbsp;&nbsp;MOVE_BUNNY_UP
<LI><a href="#[ac]">&gt;&gt;</a>&nbsp;&nbsp;&nbsp;MOVE_BUNNY_DOWN
</UL>

<P><STRONG><a name="[a8]"></a>SECONDJUMP</STRONG> (Thumb, 44 bytes, Stack size 0 bytes, pacmanintegration.o(MYCODE))
<BR><BR>[Calls]<UL><LI><a href="#[b8]">&gt;&gt;</a>&nbsp;&nbsp;&nbsp;DRAW_LANE5_MOVING
<LI><a href="#[b5]">&gt;&gt;</a>&nbsp;&nbsp;&nbsp;DRAW_LANE2_MOVING
<LI><a href="#[3e]">&gt;&gt;</a>&nbsp;&nbsp;&nbsp;DRAW_RECTANGLE_FILLED
</UL>
<BR>[Called By]<UL><LI><a href="#[b2]">&gt;&gt;</a>&nbsp;&nbsp;&nbsp;MOVE_BUNNY_RIGHT
<LI><a href="#[b0]">&gt;&gt;</a>&nbsp;&nbsp;&nbsp;MOVE_BUNNY_LEFT
<LI><a href="#[ae]">&gt;&gt;</a>&nbsp;&nbsp;&nbsp;MOVE_BUNNY_UP
<LI><a href="#[ac]">&gt;&gt;</a>&nbsp;&nbsp;&nbsp;MOVE_BUNNY_DOWN
<LI><a href="#[a3]">&gt;&gt;</a>&nbsp;&nbsp;&nbsp;MOVE_BUNNY_IN_RIVER
</UL>

<P><STRONG><a name="[a9]"></a>THIRDJUMP</STRONG> (Thumb, 44 bytes, Stack size 0 bytes, pacmanintegration.o(MYCODE))
<BR><BR>[Calls]<UL><LI><a href="#[b7]">&gt;&gt;</a>&nbsp;&nbsp;&nbsp;DRAW_LANE4_MOVING
<LI><a href="#[b6]">&gt;&gt;</a>&nbsp;&nbsp;&nbsp;DRAW_LANE3_MOVING
<LI><a href="#[3e]">&gt;&gt;</a>&nbsp;&nbsp;&nbsp;DRAW_RECTANGLE_FILLED
</UL>
<BR>[Called By]<UL><LI><a href="#[b2]">&gt;&gt;</a>&nbsp;&nbsp;&nbsp;MOVE_BUNNY_RIGHT
<LI><a href="#[b0]">&gt;&gt;</a>&nbsp;&nbsp;&nbsp;MOVE_BUNNY_LEFT
<LI><a href="#[ae]">&gt;&gt;</a>&nbsp;&nbsp;&nbsp;MOVE_BUNNY_UP
<LI><a href="#[ac]">&gt;&gt;</a>&nbsp;&nbsp;&nbsp;MOVE_BUNNY_DOWN
<LI><a href="#[a3]">&gt;&gt;</a>&nbsp;&nbsp;&nbsp;MOVE_BUNNY_IN_RIVER
</UL>

<P><STRONG><a name="[aa]"></a>FOURTHJUMP</STRONG> (Thumb, 272 bytes, Stack size 0 bytes, pacmanintegration.o(MYCODE))
<BR><BR>[Calls]<UL><LI><a href="#[ba]">&gt;&gt;</a>&nbsp;&nbsp;&nbsp;DRAW_TRIANGLE_FILLED
<LI><a href="#[b6]">&gt;&gt;</a>&nbsp;&nbsp;&nbsp;DRAW_LANE3_MOVING
<LI><a href="#[3e]">&gt;&gt;</a>&nbsp;&nbsp;&nbsp;DRAW_RECTANGLE_FILLED
</UL>
<BR>[Called By]<UL><LI><a href="#[b2]">&gt;&gt;</a>&nbsp;&nbsp;&nbsp;MOVE_BUNNY_RIGHT
<LI><a href="#[b0]">&gt;&gt;</a>&nbsp;&nbsp;&nbsp;MOVE_BUNNY_LEFT
<LI><a href="#[ae]">&gt;&gt;</a>&nbsp;&nbsp;&nbsp;MOVE_BUNNY_UP
<LI><a href="#[ac]">&gt;&gt;</a>&nbsp;&nbsp;&nbsp;MOVE_BUNNY_DOWN
<LI><a href="#[a3]">&gt;&gt;</a>&nbsp;&nbsp;&nbsp;MOVE_BUNNY_IN_RIVER
</UL>

<P><STRONG><a name="[ab]"></a>WINJUMP</STRONG> (Thumb, 8 bytes, Stack size 0 bytes, pacmanintegration.o(MYCODE))
<BR><BR>[Called By]<UL><LI><a href="#[b2]">&gt;&gt;</a>&nbsp;&nbsp;&nbsp;MOVE_BUNNY_RIGHT
<LI><a href="#[b0]">&gt;&gt;</a>&nbsp;&nbsp;&nbsp;MOVE_BUNNY_LEFT
<LI><a href="#[ae]">&gt;&gt;</a>&nbsp;&nbsp;&nbsp;MOVE_BUNNY_UP
<LI><a href="#[ac]">&gt;&gt;</a>&nbsp;&nbsp;&nbsp;MOVE_BUNNY_DOWN
</UL>

<P><STRONG><a name="[ac]"></a>MOVE_BUNNY_DOWN</STRONG> (Thumb, 172 bytes, Stack size 0 bytes, pacmanintegration.o(MYCODE))
<BR><BR>[Calls]<UL><LI><a href="#[ab]">&gt;&gt;</a>&nbsp;&nbsp;&nbsp;WINJUMP
<LI><a href="#[aa]">&gt;&gt;</a>&nbsp;&nbsp;&nbsp;FOURTHJUMP
<LI><a href="#[a9]">&gt;&gt;</a>&nbsp;&nbsp;&nbsp;THIRDJUMP
<LI><a href="#[a8]">&gt;&gt;</a>&nbsp;&nbsp;&nbsp;SECONDJUMP
<LI><a href="#[a7]">&gt;&gt;</a>&nbsp;&nbsp;&nbsp;FIRSTJUMP
<LI><a href="#[a6]">&gt;&gt;</a>&nbsp;&nbsp;&nbsp;ZEROJUMP
<LI><a href="#[94]">&gt;&gt;</a>&nbsp;&nbsp;&nbsp;Draw_Bunny
</UL>
<BR>[Called By]<UL><LI><a href="#[a1]">&gt;&gt;</a>&nbsp;&nbsp;&nbsp;CHECK_INPUT
</UL>

<P><STRONG><a name="[ad]"></a>MOVE_BUNNY_DOWN_LEVEL2</STRONG> (Thumb, 194 bytes, Stack size 0 bytes, pacmanintegration.o(MYCODE))
<BR><BR>[Calls]<UL><LI><a href="#[9f]">&gt;&gt;</a>&nbsp;&nbsp;&nbsp;WIN2
<LI><a href="#[9d]">&gt;&gt;</a>&nbsp;&nbsp;&nbsp;SIXTHJUMP_LEVEL2
<LI><a href="#[9c]">&gt;&gt;</a>&nbsp;&nbsp;&nbsp;FIFTHJUMP_LEVEL2
<LI><a href="#[9b]">&gt;&gt;</a>&nbsp;&nbsp;&nbsp;FOURTHJUMP_LEVEL2
<LI><a href="#[9a]">&gt;&gt;</a>&nbsp;&nbsp;&nbsp;THIRDJUMP_LEVEL2
<LI><a href="#[99]">&gt;&gt;</a>&nbsp;&nbsp;&nbsp;SECONDJUMP_LEVEL2
<LI><a href="#[98]">&gt;&gt;</a>&nbsp;&nbsp;&nbsp;FIRSTJUMP_LEVEL2
<LI><a href="#[97]">&gt;&gt;</a>&nbsp;&nbsp;&nbsp;ZEROJUMP_LEVEL2
<LI><a href="#[94]">&gt;&gt;</a>&nbsp;&nbsp;&nbsp;Draw_Bunny
</UL>
<BR>[Called By]<UL><LI><a href="#[a0]">&gt;&gt;</a>&nbsp;&nbsp;&nbsp;CHECK_INPUT_LEVEL2
</UL>

<P><STRONG><a name="[ae]"></a>MOVE_BUNNY_UP</STRONG> (Thumb, 154 bytes, Stack size 0 bytes, pacmanintegration.o(MYCODE))
<BR><BR>[Calls]<UL><LI><a href="#[ab]">&gt;&gt;</a>&nbsp;&nbsp;&nbsp;WINJUMP
<LI><a href="#[aa]">&gt;&gt;</a>&nbsp;&nbsp;&nbsp;FOURTHJUMP
<LI><a href="#[a9]">&gt;&gt;</a>&nbsp;&nbsp;&nbsp;THIRDJUMP
<LI><a href="#[a8]">&gt;&gt;</a>&nbsp;&nbsp;&nbsp;SECONDJUMP
<LI><a href="#[a7]">&gt;&gt;</a>&nbsp;&nbsp;&nbsp;FIRSTJUMP
<LI><a href="#[a6]">&gt;&gt;</a>&nbsp;&nbsp;&nbsp;ZEROJUMP
<LI><a href="#[94]">&gt;&gt;</a>&nbsp;&nbsp;&nbsp;Draw_Bunny
</UL>
<BR>[Called By]<UL><LI><a href="#[a1]">&gt;&gt;</a>&nbsp;&nbsp;&nbsp;CHECK_INPUT
</UL>

<P><STRONG><a name="[af]"></a>MOVE_BUNNY_UP_LEVEL2</STRONG> (Thumb, 190 bytes, Stack size 0 bytes, pacmanintegration.o(MYCODE))
<BR><BR>[Calls]<UL><LI><a href="#[9f]">&gt;&gt;</a>&nbsp;&nbsp;&nbsp;WIN2
<LI><a href="#[9e]">&gt;&gt;</a>&nbsp;&nbsp;&nbsp;SEVENTHJUMP_LEVEL2
<LI><a href="#[9d]">&gt;&gt;</a>&nbsp;&nbsp;&nbsp;SIXTHJUMP_LEVEL2
<LI><a href="#[9c]">&gt;&gt;</a>&nbsp;&nbsp;&nbsp;FIFTHJUMP_LEVEL2
<LI><a href="#[9b]">&gt;&gt;</a>&nbsp;&nbsp;&nbsp;FOURTHJUMP_LEVEL2
<LI><a href="#[9a]">&gt;&gt;</a>&nbsp;&nbsp;&nbsp;THIRDJUMP_LEVEL2
<LI><a href="#[99]">&gt;&gt;</a>&nbsp;&nbsp;&nbsp;SECONDJUMP_LEVEL2
<LI><a href="#[98]">&gt;&gt;</a>&nbsp;&nbsp;&nbsp;FIRSTJUMP_LEVEL2
<LI><a href="#[97]">&gt;&gt;</a>&nbsp;&nbsp;&nbsp;ZEROJUMP_LEVEL2
<LI><a href="#[94]">&gt;&gt;</a>&nbsp;&nbsp;&nbsp;Draw_Bunny
</UL>
<BR>[Called By]<UL><LI><a href="#[a0]">&gt;&gt;</a>&nbsp;&nbsp;&nbsp;CHECK_INPUT_LEVEL2
</UL>

<P><STRONG><a name="[b0]"></a>MOVE_BUNNY_LEFT</STRONG> (Thumb, 144 bytes, Stack size 0 bytes, pacmanintegration.o(MYCODE))
<BR><BR>[Calls]<UL><LI><a href="#[b1]">&gt;&gt;</a>&nbsp;&nbsp;&nbsp;MOVE_BUNNY_LEFT_LEVEL2
<LI><a href="#[ab]">&gt;&gt;</a>&nbsp;&nbsp;&nbsp;WINJUMP
<LI><a href="#[aa]">&gt;&gt;</a>&nbsp;&nbsp;&nbsp;FOURTHJUMP
<LI><a href="#[a9]">&gt;&gt;</a>&nbsp;&nbsp;&nbsp;THIRDJUMP
<LI><a href="#[a8]">&gt;&gt;</a>&nbsp;&nbsp;&nbsp;SECONDJUMP
<LI><a href="#[a7]">&gt;&gt;</a>&nbsp;&nbsp;&nbsp;FIRSTJUMP
<LI><a href="#[a6]">&gt;&gt;</a>&nbsp;&nbsp;&nbsp;ZEROJUMP
<LI><a href="#[94]">&gt;&gt;</a>&nbsp;&nbsp;&nbsp;Draw_Bunny
</UL>
<BR>[Called By]<UL><LI><a href="#[a1]">&gt;&gt;</a>&nbsp;&nbsp;&nbsp;CHECK_INPUT
</UL>

<P><STRONG><a name="[b1]"></a>MOVE_BUNNY_LEFT_LEVEL2</STRONG> (Thumb, 180 bytes, Stack size 0 bytes, pacmanintegration.o(MYCODE))
<BR><BR>[Calls]<UL><LI><a href="#[9f]">&gt;&gt;</a>&nbsp;&nbsp;&nbsp;WIN2
<LI><a href="#[9e]">&gt;&gt;</a>&nbsp;&nbsp;&nbsp;SEVENTHJUMP_LEVEL2
<LI><a href="#[9d]">&gt;&gt;</a>&nbsp;&nbsp;&nbsp;SIXTHJUMP_LEVEL2
<LI><a href="#[9c]">&gt;&gt;</a>&nbsp;&nbsp;&nbsp;FIFTHJUMP_LEVEL2
<LI><a href="#[9b]">&gt;&gt;</a>&nbsp;&nbsp;&nbsp;FOURTHJUMP_LEVEL2
<LI><a href="#[9a]">&gt;&gt;</a>&nbsp;&nbsp;&nbsp;THIRDJUMP_LEVEL2
<LI><a href="#[99]">&gt;&gt;</a>&nbsp;&nbsp;&nbsp;SECONDJUMP_LEVEL2
<LI><a href="#[98]">&gt;&gt;</a>&nbsp;&nbsp;&nbsp;FIRSTJUMP_LEVEL2
<LI><a href="#[97]">&gt;&gt;</a>&nbsp;&nbsp;&nbsp;ZEROJUMP_LEVEL2
<LI><a href="#[94]">&gt;&gt;</a>&nbsp;&nbsp;&nbsp;Draw_Bunny
</UL>
<BR>[Called By]<UL><LI><a href="#[b0]">&gt;&gt;</a>&nbsp;&nbsp;&nbsp;MOVE_BUNNY_LEFT
<LI><a href="#[a0]">&gt;&gt;</a>&nbsp;&nbsp;&nbsp;CHECK_INPUT_LEVEL2
</UL>

<P><STRONG><a name="[b2]"></a>MOVE_BUNNY_RIGHT</STRONG> (Thumb, 166 bytes, Stack size 0 bytes, pacmanintegration.o(MYCODE))
<BR><BR>[Calls]<UL><LI><a href="#[ab]">&gt;&gt;</a>&nbsp;&nbsp;&nbsp;WINJUMP
<LI><a href="#[aa]">&gt;&gt;</a>&nbsp;&nbsp;&nbsp;FOURTHJUMP
<LI><a href="#[a9]">&gt;&gt;</a>&nbsp;&nbsp;&nbsp;THIRDJUMP
<LI><a href="#[a8]">&gt;&gt;</a>&nbsp;&nbsp;&nbsp;SECONDJUMP
<LI><a href="#[a7]">&gt;&gt;</a>&nbsp;&nbsp;&nbsp;FIRSTJUMP
<LI><a href="#[a6]">&gt;&gt;</a>&nbsp;&nbsp;&nbsp;ZEROJUMP
<LI><a href="#[94]">&gt;&gt;</a>&nbsp;&nbsp;&nbsp;Draw_Bunny
</UL>
<BR>[Called By]<UL><LI><a href="#[a1]">&gt;&gt;</a>&nbsp;&nbsp;&nbsp;CHECK_INPUT
</UL>

<P><STRONG><a name="[b3]"></a>MOVE_BUNNY_RIGHT_LEVEL2</STRONG> (Thumb, 182 bytes, Stack size 0 bytes, pacmanintegration.o(MYCODE))
<BR><BR>[Calls]<UL><LI><a href="#[9f]">&gt;&gt;</a>&nbsp;&nbsp;&nbsp;WIN2
<LI><a href="#[9e]">&gt;&gt;</a>&nbsp;&nbsp;&nbsp;SEVENTHJUMP_LEVEL2
<LI><a href="#[9d]">&gt;&gt;</a>&nbsp;&nbsp;&nbsp;SIXTHJUMP_LEVEL2
<LI><a href="#[9c]">&gt;&gt;</a>&nbsp;&nbsp;&nbsp;FIFTHJUMP_LEVEL2
<LI><a href="#[9b]">&gt;&gt;</a>&nbsp;&nbsp;&nbsp;FOURTHJUMP_LEVEL2
<LI><a href="#[9a]">&gt;&gt;</a>&nbsp;&nbsp;&nbsp;THIRDJUMP_LEVEL2
<LI><a href="#[99]">&gt;&gt;</a>&nbsp;&nbsp;&nbsp;SECONDJUMP_LEVEL2
<LI><a href="#[98]">&gt;&gt;</a>&nbsp;&nbsp;&nbsp;FIRSTJUMP_LEVEL2
<LI><a href="#[97]">&gt;&gt;</a>&nbsp;&nbsp;&nbsp;ZEROJUMP_LEVEL2
<LI><a href="#[94]">&gt;&gt;</a>&nbsp;&nbsp;&nbsp;Draw_Bunny
</UL>
<BR>[Called By]<UL><LI><a href="#[a0]">&gt;&gt;</a>&nbsp;&nbsp;&nbsp;CHECK_INPUT_LEVEL2
</UL>

<P><STRONG><a name="[b4]"></a>DRAW_LANE1_MOVING</STRONG> (Thumb, 344 bytes, Stack size 0 bytes, pacmanintegration.o(MYCODE))
<BR><BR>[Calls]<UL><LI><a href="#[3e]">&gt;&gt;</a>&nbsp;&nbsp;&nbsp;DRAW_RECTANGLE_FILLED
</UL>
<BR>[Called By]<UL><LI><a href="#[9d]">&gt;&gt;</a>&nbsp;&nbsp;&nbsp;SIXTHJUMP_LEVEL2
<LI><a href="#[9c]">&gt;&gt;</a>&nbsp;&nbsp;&nbsp;FIFTHJUMP_LEVEL2
<LI><a href="#[9b]">&gt;&gt;</a>&nbsp;&nbsp;&nbsp;FOURTHJUMP_LEVEL2
<LI><a href="#[98]">&gt;&gt;</a>&nbsp;&nbsp;&nbsp;FIRSTJUMP_LEVEL2
<LI><a href="#[95]">&gt;&gt;</a>&nbsp;&nbsp;&nbsp;EXECUTEFROGGER
</UL>

<P><STRONG><a name="[b5]"></a>DRAW_LANE2_MOVING</STRONG> (Thumb, 364 bytes, Stack size 0 bytes, pacmanintegration.o(MYCODE))
<BR><BR>[Calls]<UL><LI><a href="#[b6]">&gt;&gt;</a>&nbsp;&nbsp;&nbsp;DRAW_LANE3_MOVING
<LI><a href="#[3e]">&gt;&gt;</a>&nbsp;&nbsp;&nbsp;DRAW_RECTANGLE_FILLED
</UL>
<BR>[Called By]<UL><LI><a href="#[a8]">&gt;&gt;</a>&nbsp;&nbsp;&nbsp;SECONDJUMP
<LI><a href="#[9d]">&gt;&gt;</a>&nbsp;&nbsp;&nbsp;SIXTHJUMP_LEVEL2
<LI><a href="#[9c]">&gt;&gt;</a>&nbsp;&nbsp;&nbsp;FIFTHJUMP_LEVEL2
<LI><a href="#[9b]">&gt;&gt;</a>&nbsp;&nbsp;&nbsp;FOURTHJUMP_LEVEL2
<LI><a href="#[9a]">&gt;&gt;</a>&nbsp;&nbsp;&nbsp;THIRDJUMP_LEVEL2
<LI><a href="#[95]">&gt;&gt;</a>&nbsp;&nbsp;&nbsp;EXECUTEFROGGER
</UL>

<P><STRONG><a name="[b6]"></a>DRAW_LANE3_MOVING</STRONG> (Thumb, 310 bytes, Stack size 0 bytes, pacmanintegration.o(MYCODE))
<BR><BR>[Calls]<UL><LI><a href="#[b7]">&gt;&gt;</a>&nbsp;&nbsp;&nbsp;DRAW_LANE4_MOVING
<LI><a href="#[3e]">&gt;&gt;</a>&nbsp;&nbsp;&nbsp;DRAW_RECTANGLE_FILLED
</UL>
<BR>[Called By]<UL><LI><a href="#[b5]">&gt;&gt;</a>&nbsp;&nbsp;&nbsp;DRAW_LANE2_MOVING
<LI><a href="#[aa]">&gt;&gt;</a>&nbsp;&nbsp;&nbsp;FOURTHJUMP
<LI><a href="#[a9]">&gt;&gt;</a>&nbsp;&nbsp;&nbsp;THIRDJUMP
<LI><a href="#[9c]">&gt;&gt;</a>&nbsp;&nbsp;&nbsp;FIFTHJUMP_LEVEL2
<LI><a href="#[9b]">&gt;&gt;</a>&nbsp;&nbsp;&nbsp;FOURTHJUMP_LEVEL2
<LI><a href="#[9a]">&gt;&gt;</a>&nbsp;&nbsp;&nbsp;THIRDJUMP_LEVEL2
<LI><a href="#[99]">&gt;&gt;</a>&nbsp;&nbsp;&nbsp;SECONDJUMP_LEVEL2
<LI><a href="#[95]">&gt;&gt;</a>&nbsp;&nbsp;&nbsp;EXECUTEFROGGER
</UL>

<P><STRONG><a name="[b7]"></a>DRAW_LANE4_MOVING</STRONG> (Thumb, 160 bytes, Stack size 0 bytes, pacmanintegration.o(MYCODE))
<BR><BR>[Calls]<UL><LI><a href="#[3e]">&gt;&gt;</a>&nbsp;&nbsp;&nbsp;DRAW_RECTANGLE_FILLED
</UL>
<BR>[Called By]<UL><LI><a href="#[b6]">&gt;&gt;</a>&nbsp;&nbsp;&nbsp;DRAW_LANE3_MOVING
<LI><a href="#[a9]">&gt;&gt;</a>&nbsp;&nbsp;&nbsp;THIRDJUMP
<LI><a href="#[9b]">&gt;&gt;</a>&nbsp;&nbsp;&nbsp;FOURTHJUMP_LEVEL2
<LI><a href="#[9a]">&gt;&gt;</a>&nbsp;&nbsp;&nbsp;THIRDJUMP_LEVEL2
<LI><a href="#[99]">&gt;&gt;</a>&nbsp;&nbsp;&nbsp;SECONDJUMP_LEVEL2
<LI><a href="#[95]">&gt;&gt;</a>&nbsp;&nbsp;&nbsp;EXECUTEFROGGER
</UL>

<P><STRONG><a name="[b8]"></a>DRAW_LANE5_MOVING</STRONG> (Thumb, 160 bytes, Stack size 0 bytes, pacmanintegration.o(MYCODE))
<BR><BR>[Calls]<UL><LI><a href="#[b9]">&gt;&gt;</a>&nbsp;&nbsp;&nbsp;INITIALIZE_VARIABLES2
<LI><a href="#[3e]">&gt;&gt;</a>&nbsp;&nbsp;&nbsp;DRAW_RECTANGLE_FILLED
</UL>
<BR>[Called By]<UL><LI><a href="#[a8]">&gt;&gt;</a>&nbsp;&nbsp;&nbsp;SECONDJUMP
<LI><a href="#[a7]">&gt;&gt;</a>&nbsp;&nbsp;&nbsp;FIRSTJUMP
<LI><a href="#[9e]">&gt;&gt;</a>&nbsp;&nbsp;&nbsp;SEVENTHJUMP_LEVEL2
<LI><a href="#[9a]">&gt;&gt;</a>&nbsp;&nbsp;&nbsp;THIRDJUMP_LEVEL2
<LI><a href="#[99]">&gt;&gt;</a>&nbsp;&nbsp;&nbsp;SECONDJUMP_LEVEL2
<LI><a href="#[95]">&gt;&gt;</a>&nbsp;&nbsp;&nbsp;EXECUTEFROGGER
</UL>

<P><STRONG><a name="[b9]"></a>INITIALIZE_VARIABLES2</STRONG> (Thumb, 236 bytes, Stack size 0 bytes, pacmanintegration.o(MYCODE))
<BR><BR>[Called By]<UL><LI><a href="#[b8]">&gt;&gt;</a>&nbsp;&nbsp;&nbsp;DRAW_LANE5_MOVING
<LI><a href="#[95]">&gt;&gt;</a>&nbsp;&nbsp;&nbsp;EXECUTEFROGGER
</UL>

<P><STRONG><a name="[ba]"></a>DRAW_TRIANGLE_FILLED</STRONG> (Thumb, 46 bytes, Stack size 0 bytes, pacmanintegration.o(MYCODE))
<BR><BR>[Calls]<UL><LI><a href="#[3e]">&gt;&gt;</a>&nbsp;&nbsp;&nbsp;DRAW_RECTANGLE_FILLED
</UL>
<BR>[Called By]<UL><LI><a href="#[aa]">&gt;&gt;</a>&nbsp;&nbsp;&nbsp;FOURTHJUMP
<LI><a href="#[9e]">&gt;&gt;</a>&nbsp;&nbsp;&nbsp;SEVENTHJUMP_LEVEL2
<LI><a href="#[9d]">&gt;&gt;</a>&nbsp;&nbsp;&nbsp;SIXTHJUMP_LEVEL2
<LI><a href="#[9c]">&gt;&gt;</a>&nbsp;&nbsp;&nbsp;FIFTHJUMP_LEVEL2
<LI><a href="#[95]">&gt;&gt;</a>&nbsp;&nbsp;&nbsp;EXECUTEFROGGER
</UL>

<P><STRONG><a name="[bb]"></a>DRAW_RIVER</STRONG> (Thumb, 32 bytes, Stack size 0 bytes, pacmanintegration.o(MYCODE))
<BR><BR>[Calls]<UL><LI><a href="#[3e]">&gt;&gt;</a>&nbsp;&nbsp;&nbsp;DRAW_RECTANGLE_FILLED
</UL>
<BR>[Called By]<UL><LI><a href="#[95]">&gt;&gt;</a>&nbsp;&nbsp;&nbsp;EXECUTEFROGGER
</UL>

<P><STRONG><a name="[bd]"></a>SetSysClock</STRONG> (Thumb, 8 bytes, Stack size 8 bytes, system_stm32f10x.o(.text.SetSysClock))
<BR><BR>[Stack]<UL><LI>Max Depth = 24<LI>Call Chain = SetSysClock &rArr; SetSysClockTo72
</UL>
<BR>[Calls]<UL><LI><a href="#[be]">&gt;&gt;</a>&nbsp;&nbsp;&nbsp;SetSysClockTo72
</UL>
<BR>[Called By]<UL><LI><a href="#[35]">&gt;&gt;</a>&nbsp;&nbsp;&nbsp;SystemInit
</UL>

<P><STRONG><a name="[be]"></a>SetSysClockTo72</STRONG> (Thumb, 290 bytes, Stack size 16 bytes, system_stm32f10x.o(.text.SetSysClockTo72))
<BR><BR>[Stack]<UL><LI>Max Depth = 16<LI>Call Chain = SetSysClockTo72
</UL>
<BR>[Called By]<UL><LI><a href="#[bd]">&gt;&gt;</a>&nbsp;&nbsp;&nbsp;SetSysClock
</UL>
<P>
<H3>
Undefined Global Symbols
</H3><HR></body></html>
